Archive member included to satisfy reference by file (symbol)

c:/program files (x86)/atollic/truestudio for stm32 9.0.1/armtools/bin/../lib/gcc/arm-atollic-eabi/6.3.1/../../../../arm-atollic-eabi/lib/armv7-m\libc_nano.a(lib_a-init.o)
                              startup\startup_stm32f103xb.o (__libc_init_array)
c:/program files (x86)/atollic/truestudio for stm32 9.0.1/armtools/bin/../lib/gcc/arm-atollic-eabi/6.3.1/../../../../arm-atollic-eabi/lib/armv7-m\libc_nano.a(lib_a-memset.o)
                              Core\Src\main.o (memset)
c:/program files (x86)/atollic/truestudio for stm32 9.0.1/armtools/bin/../lib/gcc/arm-atollic-eabi/6.3.1/../../../../arm-atollic-eabi/lib/armv7-m\libc_nano.a(lib_a-sprintf.o)
                              Core\Src\main.o (sprintf)
c:/program files (x86)/atollic/truestudio for stm32 9.0.1/armtools/bin/../lib/gcc/arm-atollic-eabi/6.3.1/../../../../arm-atollic-eabi/lib/armv7-m\libc_nano.a(lib_a-impure.o)
                              c:/program files (x86)/atollic/truestudio for stm32 9.0.1/armtools/bin/../lib/gcc/arm-atollic-eabi/6.3.1/../../../../arm-atollic-eabi/lib/armv7-m\libc_nano.a(lib_a-sprintf.o) (_impure_ptr)
c:/program files (x86)/atollic/truestudio for stm32 9.0.1/armtools/bin/../lib/gcc/arm-atollic-eabi/6.3.1/../../../../arm-atollic-eabi/lib/armv7-m\libc_nano.a(lib_a-nano-svfprintf.o)
                              c:/program files (x86)/atollic/truestudio for stm32 9.0.1/armtools/bin/../lib/gcc/arm-atollic-eabi/6.3.1/../../../../arm-atollic-eabi/lib/armv7-m\libc_nano.a(lib_a-sprintf.o) (_svfprintf_r)
c:/program files (x86)/atollic/truestudio for stm32 9.0.1/armtools/bin/../lib/gcc/arm-atollic-eabi/6.3.1/../../../../arm-atollic-eabi/lib/armv7-m\libc_nano.a(lib_a-nano-vfprintf_i.o)
                              c:/program files (x86)/atollic/truestudio for stm32 9.0.1/armtools/bin/../lib/gcc/arm-atollic-eabi/6.3.1/../../../../arm-atollic-eabi/lib/armv7-m\libc_nano.a(lib_a-nano-svfprintf.o) (_printf_i)
c:/program files (x86)/atollic/truestudio for stm32 9.0.1/armtools/bin/../lib/gcc/arm-atollic-eabi/6.3.1/../../../../arm-atollic-eabi/lib/armv7-m\libc_nano.a(lib_a-memchr-stub.o)
                              c:/program files (x86)/atollic/truestudio for stm32 9.0.1/armtools/bin/../lib/gcc/arm-atollic-eabi/6.3.1/../../../../arm-atollic-eabi/lib/armv7-m\libc_nano.a(lib_a-nano-svfprintf.o) (memchr)
c:/program files (x86)/atollic/truestudio for stm32 9.0.1/armtools/bin/../lib/gcc/arm-atollic-eabi/6.3.1/../../../../arm-atollic-eabi/lib/armv7-m\libc_nano.a(lib_a-memcpy-stub.o)
                              c:/program files (x86)/atollic/truestudio for stm32 9.0.1/armtools/bin/../lib/gcc/arm-atollic-eabi/6.3.1/../../../../arm-atollic-eabi/lib/armv7-m\libc_nano.a(lib_a-nano-svfprintf.o) (memcpy)
c:/program files (x86)/atollic/truestudio for stm32 9.0.1/armtools/bin/../lib/gcc/arm-atollic-eabi/6.3.1/../../../../arm-atollic-eabi/lib/armv7-m\libc_nano.a(lib_a-memmove.o)
                              c:/program files (x86)/atollic/truestudio for stm32 9.0.1/armtools/bin/../lib/gcc/arm-atollic-eabi/6.3.1/../../../../arm-atollic-eabi/lib/armv7-m\libc_nano.a(lib_a-nano-svfprintf.o) (memmove)
c:/program files (x86)/atollic/truestudio for stm32 9.0.1/armtools/bin/../lib/gcc/arm-atollic-eabi/6.3.1/../../../../arm-atollic-eabi/lib/armv7-m\libc_nano.a(lib_a-nano-freer.o)
                              c:/program files (x86)/atollic/truestudio for stm32 9.0.1/armtools/bin/../lib/gcc/arm-atollic-eabi/6.3.1/../../../../arm-atollic-eabi/lib/armv7-m\libc_nano.a(lib_a-nano-svfprintf.o) (_free_r)
c:/program files (x86)/atollic/truestudio for stm32 9.0.1/armtools/bin/../lib/gcc/arm-atollic-eabi/6.3.1/../../../../arm-atollic-eabi/lib/armv7-m\libc_nano.a(lib_a-nano-mallocr.o)
                              c:/program files (x86)/atollic/truestudio for stm32 9.0.1/armtools/bin/../lib/gcc/arm-atollic-eabi/6.3.1/../../../../arm-atollic-eabi/lib/armv7-m\libc_nano.a(lib_a-nano-svfprintf.o) (_malloc_r)
c:/program files (x86)/atollic/truestudio for stm32 9.0.1/armtools/bin/../lib/gcc/arm-atollic-eabi/6.3.1/../../../../arm-atollic-eabi/lib/armv7-m\libc_nano.a(lib_a-nano-reallocr.o)
                              c:/program files (x86)/atollic/truestudio for stm32 9.0.1/armtools/bin/../lib/gcc/arm-atollic-eabi/6.3.1/../../../../arm-atollic-eabi/lib/armv7-m\libc_nano.a(lib_a-nano-svfprintf.o) (_realloc_r)
c:/program files (x86)/atollic/truestudio for stm32 9.0.1/armtools/bin/../lib/gcc/arm-atollic-eabi/6.3.1/../../../../arm-atollic-eabi/lib/armv7-m\libc_nano.a(lib_a-sbrkr.o)
                              c:/program files (x86)/atollic/truestudio for stm32 9.0.1/armtools/bin/../lib/gcc/arm-atollic-eabi/6.3.1/../../../../arm-atollic-eabi/lib/armv7-m\libc_nano.a(lib_a-nano-mallocr.o) (_sbrk_r)
c:/program files (x86)/atollic/truestudio for stm32 9.0.1/armtools/bin/../lib/gcc/arm-atollic-eabi/6.3.1/../../../../arm-atollic-eabi/lib/armv7-m\libc_nano.a(lib_a-mlock.o)
[...]
Memory Configuration

Name             Origin             Length             Attributes
RAM              0x20000000         0x00005000         xrw
FLASH            0x08000000         0x00010000         xr
*default*        0x00000000         0xffffffff

Linker script and memory map

LOAD c:/program files (x86)/atollic/truestudio for stm32 9.0.1/armtools/bin/../lib/gcc/arm-atollic-eabi/6.3.1/armv7-m/crti.o
LOAD c:/program files (x86)/atollic/truestudio for stm32 9.0.1/armtools/bin/../lib/gcc/arm-atollic-eabi/6.3.1/armv7-m/crtbegin.o
LOAD Core\Src\main.o
LOAD Core\Src\stm32f1xx_hal_msp.o
LOAD Core\Src\stm32f1xx_it.o
LOAD Core\Src\system_stm32f1xx.o
LOAD Drivers\STM32F1xx_HAL_Driver\Src\stm32f1xx_hal.o
LOAD Drivers\STM32F1xx_HAL_Driver\Src\stm32f1xx_hal_cortex.o
LOAD Drivers\STM32F1xx_HAL_Driver\Src\stm32f1xx_hal_dma.o
LOAD Drivers\STM32F1xx_HAL_Driver\Src\stm32f1xx_hal_flash.o
LOAD Drivers\STM32F1xx_HAL_Driver\Src\stm32f1xx_hal_flash_ex.o
LOAD Drivers\STM32F1xx_HAL_Driver\Src\stm32f1xx_hal_gpio.o
LOAD Drivers\STM32F1xx_HAL_Driver\Src\stm32f1xx_hal_gpio_ex.o
LOAD Drivers\STM32F1xx_HAL_Driver\Src\stm32f1xx_hal_pcd.o
LOAD Drivers\STM32F1xx_HAL_Driver\Src\stm32f1xx_hal_pcd_ex.o
LOAD Drivers\STM32F1xx_HAL_Driver\Src\stm32f1xx_hal_pwr.o
LOAD Drivers\STM32F1xx_HAL_Driver\Src\stm32f1xx_hal_rcc.o
LOAD Drivers\STM32F1xx_HAL_Driver\Src\stm32f1xx_hal_rcc_ex.o
LOAD Drivers\STM32F1xx_HAL_Driver\Src\stm32f1xx_hal_tim.o
LOAD Drivers\STM32F1xx_HAL_Driver\Src\stm32f1xx_hal_tim_ex.o
LOAD Drivers\STM32F1xx_HAL_Driver\Src\stm32f1xx_hal_uart.o
LOAD Drivers\STM32F1xx_HAL_Driver\Src\stm32f1xx_ll_usb.o
LOAD Middlewares\ST\STM32_USB_Device_Library\Class\CDC\Src\usbd_cdc.o
LOAD Middlewares\ST\STM32_USB_Device_Library\Core\Src\usbd_core.o
LOAD Middlewares\ST\STM32_USB_Device_Library\Core\Src\usbd_ctlreq.o
LOAD Middlewares\ST\STM32_USB_Device_Library\Core\Src\usbd_ioreq.o
LOAD USB_DEVICE\App\usb_device.o
LOAD USB_DEVICE\App\usbd_cdc_if.o
LOAD USB_DEVICE\App\usbd_desc.o
LOAD USB_DEVICE\Target\usbd_conf.o
LOAD startup\startup_stm32f103xb.o
                0x00000080                malloc_getpagesize_P = 0x80
START GROUP
LOAD c:/program files (x86)/atollic/truestudio for stm32 9.0.1/armtools/bin/../lib/gcc/arm-atollic-eabi/6.3.1/../../../../arm-atollic-eabi/lib/armv7-m\libc_nano.a
LOAD c:/program files (x86)/atollic/truestudio for stm32 9.0.1/armtools/bin/../lib/gcc/arm-atollic-eabi/6.3.1/../../../../arm-atollic-eabi/lib/armv7-m\libm.a
END GROUP
START GROUP
LOAD c:/program files (x86)/atollic/truestudio for stm32 9.0.1/armtools/bin/../lib/gcc/arm-atollic-eabi/6.3.1/armv7-m\libgcc.a
LOAD c:/program files (x86)/atollic/truestudio for stm32 9.0.1/armtools/bin/../lib/gcc/arm-atollic-eabi/6.3.1/../../../../arm-atollic-eabi/lib/armv7-m\libc_nano.a
END GROUP
START GROUP
LOAD c:/program files (x86)/atollic/truestudio for stm32 9.0.1/armtools/bin/../lib/gcc/arm-atollic-eabi/6.3.1/armv7-m\libgcc.a
LOAD c:/program files (x86)/atollic/truestudio for stm32 9.0.1/armtools/bin/../lib/gcc/arm-atollic-eabi/6.3.1/../../../../arm-atollic-eabi/lib/armv7-m\libc_nano.a
LOAD c:/program files (x86)/atollic/truestudio for stm32 9.0.1/armtools/bin/../lib/gcc/arm-atollic-eabi/6.3.1/../../../../arm-atollic-eabi/lib/armv7-m\libnosys.a
END GROUP
START GROUP
LOAD c:/program files (x86)/atollic/truestudio for stm32 9.0.1/armtools/bin/../lib/gcc/arm-atollic-eabi/6.3.1/armv7-m\libgcc.a
LOAD c:/program files (x86)/atollic/truestudio for stm32 9.0.1/armtools/bin/../lib/gcc/arm-atollic-eabi/6.3.1/../../../../arm-atollic-eabi/lib/armv7-m\libc_nano.a
LOAD c:/program files (x86)/atollic/truestudio for stm32 9.0.1/armtools/bin/../lib/gcc/arm-atollic-eabi/6.3.1/../../../../arm-atollic-eabi/lib/armv7-m\libnosys.a
END GROUP
LOAD c:/program files (x86)/atollic/truestudio for stm32 9.0.1/armtools/bin/../lib/gcc/arm-atollic-eabi/6.3.1/armv7-m/crtend.o
LOAD c:/program files (x86)/atollic/truestudio for stm32 9.0.1/armtools/bin/../lib/gcc/arm-atollic-eabi/6.3.1/armv7-m/crtn.o
                0x20005000                _estack = 0x20005000
                0x00000200                _Min_Heap_Size = 0x200
                0x00000400                _Min_Stack_Size = 0x400

.isr_vector     0x08000000      0x10c
                0x08000000                . = ALIGN (0x4)
 *(.isr_vector)
 .isr_vector    0x08000000      0x10c startup\startup_stm32f103xb.o
                0x08000000                g_pfnVectors
                0x0800010c                . = ALIGN (0x4)

.text           0x0800010c     0x7a48
                0x0800010c                . = ALIGN (0x4)
 *(.text)
 .text          0x0800010c       0x40 c:/program files (x86)/atollic/truestudio for stm32 9.0.1/armtools/bin/../lib/gcc/arm-atollic-eabi/6.3.1/armv7-m/crtbegin.o
 *(.text*)
 .text.HAL_UART_RxCpltCallback
                0x0800014c       0xa8 Core\Src\main.o
                0x0800014c                HAL_UART_RxCpltCallback
 .text.ReadOneByteFromBuff1
                0x080001f4       0x4c Core\Src\main.o
                0x080001f4                ReadOneByteFromBuff1
 .text.ReadOneByteFromBuff2
                0x08000240       0x4c Core\Src\main.o
                0x08000240                ReadOneByteFromBuff2
 .text.main     0x0800028c      0x56c Core\Src\main.o
                0x0800028c                main
 .text.SystemClock_Config
                0x080007f8       0xb4 Core\Src\main.o
                0x080007f8                SystemClock_Config
 .text.MX_TIM2_Init
                0x080008ac       0xb0 Core\Src\main.o
 .text.MX_TIM3_Init
                0x0800095c       0xb4 Core\Src\main.o
 .text.MX_USART2_UART_Init
                0x08000a10       0x54 Core\Src\main.o
 .text.MX_USART3_UART_Init
                0x08000a64       0x54 Core\Src\main.o
 .text.MX_DMA_Init
                0x08000ab8       0x4c Core\Src\main.o
 .text.MX_GPIO_Init
                0x08000b04      0x10c Core\Src\main.o
 .text.Error_Handler
                0x08000c10        0xc Core\Src\main.o
                0x08000c10                Error_Handler
 .text.HAL_MspInit
                0x08000c1c       0x64 Core\Src\stm32f1xx_hal_msp.o
                0x08000c1c                HAL_MspInit
 .text.HAL_TIM_PWM_MspInit
                0x08000c80       0x60 Core\Src\stm32f1xx_hal_msp.o
                0x08000c80                HAL_TIM_PWM_MspInit
 .text.HAL_TIM_MspPostInit
                0x08000ce0       0xec Core\Src\stm32f1xx_hal_msp.o
                0x08000ce0                HAL_TIM_MspPostInit
 .text.HAL_UART_MspInit
                0x08000dcc      0x1d4 Core\Src\stm32f1xx_hal_msp.o
                0x08000dcc                HAL_UART_MspInit
 .text.NMI_Handler
                0x08000fa0        0xc Core\Src\stm32f1xx_it.o
                0x08000fa0                NMI_Handler
 .text.HardFault_Handler
                0x08000fac        0x6 Core\Src\stm32f1xx_it.o
                0x08000fac                HardFault_Handler
 .text.MemManage_Handler
                0x08000fb2        0x6 Core\Src\stm32f1xx_it.o
                0x08000fb2                MemManage_Handler
 .text.BusFault_Handler
                0x08000fb8        0x6 Core\Src\stm32f1xx_it.o
                0x08000fb8                BusFault_Handler
 .text.UsageFault_Handler
                0x08000fbe        0x6 Core\Src\stm32f1xx_it.o
                0x08000fbe                UsageFault_Handler
 .text.SVC_Handler
                0x08000fc4        0xc Core\Src\stm32f1xx_it.o
                0x08000fc4                SVC_Handler
 .text.DebugMon_Handler
                0x08000fd0        0xc Core\Src\stm32f1xx_it.o
                0x08000fd0                DebugMon_Handler
 .text.PendSV_Handler
                0x08000fdc        0xc Core\Src\stm32f1xx_it.o
                0x08000fdc                PendSV_Handler
 .text.SysTick_Handler
                0x08000fe8        0xc Core\Src\stm32f1xx_it.o
                0x08000fe8                SysTick_Handler
 .text.DMA1_Channel3_IRQHandler
                0x08000ff4       0x14 Core\Src\stm32f1xx_it.o
                0x08000ff4                DMA1_Channel3_IRQHandler
 .text.DMA1_Channel6_IRQHandler
                0x08001008       0x14 Core\Src\stm32f1xx_it.o
                0x08001008                DMA1_Channel6_IRQHandler
 .text.USB_LP_CAN1_RX0_IRQHandler
                0x0800101c       0x14 Core\Src\stm32f1xx_it.o
                0x0800101c                USB_LP_CAN1_RX0_IRQHandler
 .text.USART2_IRQHandler
                0x08001030       0x14 Core\Src\stm32f1xx_it.o
                0x08001030                USART2_IRQHandler
 .text.USART3_IRQHandler
                0x08001044       0x14 Core\Src\stm32f1xx_it.o
                0x08001044                USART3_IRQHandler
 .text.SystemInit
                0x08001058       0x68 Core\Src\system_stm32f1xx.o
                0x08001058                SystemInit
 .text.HAL_Init
                0x080010c0       0x2c Drivers\STM32F1xx_HAL_Driver\Src\stm32f1xx_hal.o
                0x080010c0                HAL_Init
 .text.HAL_InitTick
                0x080010ec       0x60 Drivers\STM32F1xx_HAL_Driver\Src\stm32f1xx_hal.o
                0x080010ec                HAL_InitTick
 .text.HAL_IncTick
                0x0800114c       0x24 Drivers\STM32F1xx_HAL_Driver\Src\stm32f1xx_hal.o
                0x0800114c                HAL_IncTick
 .text.HAL_GetTick
                0x08001170       0x14 Drivers\STM32F1xx_HAL_Driver\Src\stm32f1xx_hal.o
                0x08001170                HAL_GetTick
 .text.NVIC_SetPriorityGrouping
                0x08001184       0x48 Drivers\STM32F1xx_HAL_Driver\Src\stm32f1xx_hal_cortex.o
 .text.NVIC_GetPriorityGrouping
                0x080011cc       0x1c Drivers\STM32F1xx_HAL_Driver\Src\stm32f1xx_hal_cortex.o
 .text.NVIC_EnableIRQ
                0x080011e8       0x30 Drivers\STM32F1xx_HAL_Driver\Src\stm32f1xx_hal_cortex.o
 .text.NVIC_SetPriority
                0x08001218       0x54 Drivers\STM32F1xx_HAL_Driver\Src\stm32f1xx_hal_cortex.o
 .text.NVIC_EncodePriority
                0x0800126c       0x60 Drivers\STM32F1xx_HAL_Driver\Src\stm32f1xx_hal_cortex.o
 .text.SysTick_Config
                0x080012cc       0x44 Drivers\STM32F1xx_HAL_Driver\Src\stm32f1xx_hal_cortex.o
 .text.HAL_NVIC_SetPriorityGrouping
                0x08001310       0x16 Drivers\STM32F1xx_HAL_Driver\Src\stm32f1xx_hal_cortex.o
                0x08001310                HAL_NVIC_SetPriorityGrouping
 .text.HAL_NVIC_SetPriority
                0x08001326       0x38 Drivers\STM32F1xx_HAL_Driver\Src\stm32f1xx_hal_cortex.o
                0x08001326                HAL_NVIC_SetPriority
 .text.HAL_NVIC_EnableIRQ
                0x0800135e       0x1c Drivers\STM32F1xx_HAL_Driver\Src\stm32f1xx_hal_cortex.o
                0x0800135e                HAL_NVIC_EnableIRQ
 .text.HAL_SYSTICK_Config
                0x0800137a       0x18 Drivers\STM32F1xx_HAL_Driver\Src\stm32f1xx_hal_cortex.o
                0x0800137a                HAL_SYSTICK_Config
 *fill*         0x08001392        0x2 
 .text.HAL_DMA_Init
                0x08001394       0xb4 Drivers\STM32F1xx_HAL_Driver\Src\stm32f1xx_hal_dma.o
                0x08001394                HAL_DMA_Init
 .text.HAL_DMA_Start_IT
                0x08001448       0xbe Drivers\STM32F1xx_HAL_Driver\Src\stm32f1xx_hal_dma.o
                0x08001448                HAL_DMA_Start_IT
 *fill*         0x08001506        0x2 
 .text.HAL_DMA_Abort_IT
                0x08001508       0xf8 Drivers\STM32F1xx_HAL_Driver\Src\stm32f1xx_hal_dma.o
                0x08001508                HAL_DMA_Abort_IT
 .text.HAL_DMA_IRQHandler
                0x08001600      0x224 Drivers\STM32F1xx_HAL_Driver\Src\stm32f1xx_hal_dma.o
                0x08001600                HAL_DMA_IRQHandler
 .text.DMA_SetConfig
                0x08001824       0x5a Drivers\STM32F1xx_HAL_Driver\Src\stm32f1xx_hal_dma.o
 *fill*         0x0800187e        0x2 
 .text.HAL_GPIO_Init
                0x08001880      0x2bc Drivers\STM32F1xx_HAL_Driver\Src\stm32f1xx_hal_gpio.o
                0x08001880                HAL_GPIO_Init
 .text.HAL_GPIO_WritePin
                0x08001b3c       0x30 Drivers\STM32F1xx_HAL_Driver\Src\stm32f1xx_hal_gpio.o
                0x08001b3c                HAL_GPIO_WritePin
 .text.HAL_PCD_Init
                0x08001b6c      0x1b4 Drivers\STM32F1xx_HAL_Driver\Src\stm32f1xx_hal_pcd.o
                0x08001b6c                HAL_PCD_Init
 .text.HAL_PCD_Start
                0x08001d20       0x4c Drivers\STM32F1xx_HAL_Driver\Src\stm32f1xx_hal_pcd.o
                0x08001d20                HAL_PCD_Start
 .text.HAL_PCD_IRQHandler
                0x08001d6c      0x204 Drivers\STM32F1xx_HAL_Driver\Src\stm32f1xx_hal_pcd.o
                0x08001d6c                HAL_PCD_IRQHandler
 .text.HAL_PCD_SetAddress
                0x08001f70       0x4a Drivers\STM32F1xx_HAL_Driver\Src\stm32f1xx_hal_pcd.o
                0x08001f70                HAL_PCD_SetAddress
 .text.HAL_PCD_EP_Open
                0x08001fba       0xaa Drivers\STM32F1xx_HAL_Driver\Src\stm32f1xx_hal_pcd.o
                0x08001fba                HAL_PCD_EP_Open
 .text.HAL_PCD_EP_Close
                0x08002064       0x8c Drivers\STM32F1xx_HAL_Driver\Src\stm32f1xx_hal_pcd.o
                0x08002064                HAL_PCD_EP_Close
 .text.HAL_PCD_EP_Receive
                0x080020f0       0x78 Drivers\STM32F1xx_HAL_Driver\Src\stm32f1xx_hal_pcd.o
                0x080020f0                HAL_PCD_EP_Receive
 .text.HAL_PCD_EP_GetRxCount
                0x08002168       0x2a Drivers\STM32F1xx_HAL_Driver\Src\stm32f1xx_hal_pcd.o
                0x08002168                HAL_PCD_EP_GetRxCount
 .text.HAL_PCD_EP_Transmit
                0x08002192       0x76 Drivers\STM32F1xx_HAL_Driver\Src\stm32f1xx_hal_pcd.o
                0x08002192                HAL_PCD_EP_Transmit
 .text.HAL_PCD_EP_SetStall
                0x08002208       0xaa Drivers\STM32F1xx_HAL_Driver\Src\stm32f1xx_hal_pcd.o
                0x08002208                HAL_PCD_EP_SetStall
 .text.HAL_PCD_EP_ClrStall
                0x080022b2       0x8e Drivers\STM32F1xx_HAL_Driver\Src\stm32f1xx_hal_pcd.o
                0x080022b2                HAL_PCD_EP_ClrStall
 .text.PCD_EP_ISR_Handler
                0x08002340      0x654 Drivers\STM32F1xx_HAL_Driver\Src\stm32f1xx_hal_pcd.o
 .text.HAL_PCDEx_PMAConfig
                0x08002994       0x7a Drivers\STM32F1xx_HAL_Driver\Src\stm32f1xx_hal_pcd_ex.o
                0x08002994                HAL_PCDEx_PMAConfig
 *fill*         0x08002a0e        0x2 
 .text.HAL_RCC_OscConfig
                0x08002a10      0x4c8 Drivers\STM32F1xx_HAL_Driver\Src\stm32f1xx_hal_rcc.o
                0x08002a10                HAL_RCC_OscConfig
 .text.HAL_RCC_ClockConfig
                0x08002ed8      0x218 Drivers\STM32F1xx_HAL_Driver\Src\stm32f1xx_hal_rcc.o
                0x08002ed8                HAL_RCC_ClockConfig
 .text.HAL_RCC_GetSysClockFreq
                0x080030f0       0xc4 Drivers\STM32F1xx_HAL_Driver\Src\stm32f1xx_hal_rcc.o
                0x080030f0                HAL_RCC_GetSysClockFreq
 .text.HAL_RCC_GetHCLKFreq
                0x080031b4       0x14 Drivers\STM32F1xx_HAL_Driver\Src\stm32f1xx_hal_rcc.o
                0x080031b4                HAL_RCC_GetHCLKFreq
 .text.HAL_RCC_GetPCLK1Freq
                0x080031c8       0x28 Drivers\STM32F1xx_HAL_Driver\Src\stm32f1xx_hal_rcc.o
                0x080031c8                HAL_RCC_GetPCLK1Freq
 .text.HAL_RCC_GetPCLK2Freq
                0x080031f0       0x28 Drivers\STM32F1xx_HAL_Driver\Src\stm32f1xx_hal_rcc.o
                0x080031f0                HAL_RCC_GetPCLK2Freq
 .text.RCC_Delay
                0x08003218       0x3c Drivers\STM32F1xx_HAL_Driver\Src\stm32f1xx_hal_rcc.o
 .text.HAL_RCCEx_PeriphCLKConfig
                0x08003254      0x16c Drivers\STM32F1xx_HAL_Driver\Src\stm32f1xx_hal_rcc_ex.o
                0x08003254                HAL_RCCEx_PeriphCLKConfig
 .text.HAL_TIM_PWM_Init
                0x080033c0       0x56 Drivers\STM32F1xx_HAL_Driver\Src\stm32f1xx_hal_tim.o
                0x080033c0                HAL_TIM_PWM_Init
 *fill*         0x08003416        0x2 
 .text.HAL_TIM_PWM_Start
                0x08003418       0x50 Drivers\STM32F1xx_HAL_Driver\Src\stm32f1xx_hal_tim.o
                0x08003418                HAL_TIM_PWM_Start
 .text.HAL_TIM_PWM_ConfigChannel
                0x08003468      0x18c Drivers\STM32F1xx_HAL_Driver\Src\stm32f1xx_hal_tim.o
                0x08003468                HAL_TIM_PWM_ConfigChannel
 .text.TIM_Base_SetConfig
                0x080035f4       0xcc Drivers\STM32F1xx_HAL_Driver\Src\stm32f1xx_hal_tim.o
                0x080035f4                TIM_Base_SetConfig
 .text.TIM_OC1_SetConfig
                0x080036c0       0xd8 Drivers\STM32F1xx_HAL_Driver\Src\stm32f1xx_hal_tim.o
 .text.TIM_OC2_SetConfig
                0x08003798       0xe0 Drivers\STM32F1xx_HAL_Driver\Src\stm32f1xx_hal_tim.o
                0x08003798                TIM_OC2_SetConfig
 .text.TIM_OC3_SetConfig
                0x08003878       0xe0 Drivers\STM32F1xx_HAL_Driver\Src\stm32f1xx_hal_tim.o
 .text.TIM_OC4_SetConfig
                0x08003958       0xa8 Drivers\STM32F1xx_HAL_Driver\Src\stm32f1xx_hal_tim.o
 .text.TIM_CCxChannelCmd
                0x08003a00       0x44 Drivers\STM32F1xx_HAL_Driver\Src\stm32f1xx_hal_tim.o
                0x08003a00                TIM_CCxChannelCmd
 .text.HAL_TIMEx_MasterConfigSynchronization
                0x08003a44       0x88 Drivers\STM32F1xx_HAL_Driver\Src\stm32f1xx_hal_tim_ex.o
                0x08003a44                HAL_TIMEx_MasterConfigSynchronization
 .text.HAL_UART_Init
                0x08003acc       0x9a Drivers\STM32F1xx_HAL_Driver\Src\stm32f1xx_hal_uart.o
                0x08003acc                HAL_UART_Init
 *fill*         0x08003b66        0x2 
 .text.HAL_UART_Receive_DMA
                0x08003b68      0x100 Drivers\STM32F1xx_HAL_Driver\Src\stm32f1xx_hal_uart.o
                0x08003b68                HAL_UART_Receive_DMA
 .text.HAL_UART_IRQHandler
                0x08003c68      0x1f8 Drivers\STM32F1xx_HAL_Driver\Src\stm32f1xx_hal_uart.o
                0x08003c68                HAL_UART_IRQHandler
 .text.HAL_UART_TxCpltCallback
                0x08003e60       0x12 Drivers\STM32F1xx_HAL_Driver\Src\stm32f1xx_hal_uart.o
                0x08003e60                HAL_UART_TxCpltCallback
 .text.HAL_UART_RxHalfCpltCallback
                0x08003e72       0x12 Drivers\STM32F1xx_HAL_Driver\Src\stm32f1xx_hal_uart.o
                0x08003e72                HAL_UART_RxHalfCpltCallback
 .text.HAL_UART_ErrorCallback
                0x08003e84       0x12 Drivers\STM32F1xx_HAL_Driver\Src\stm32f1xx_hal_uart.o
                0x08003e84                HAL_UART_ErrorCallback
 .text.UART_DMAReceiveCplt
                0x08003e96       0x68 Drivers\STM32F1xx_HAL_Driver\Src\stm32f1xx_hal_uart.o
 .text.UART_DMARxHalfCplt
                0x08003efe       0x1c Drivers\STM32F1xx_HAL_Driver\Src\stm32f1xx_hal_uart.o
 .text.UART_DMAError
                0x08003f1a       0x94 Drivers\STM32F1xx_HAL_Driver\Src\stm32f1xx_hal_uart.o
 .text.UART_EndTxTransfer
                0x08003fae       0x2a Drivers\STM32F1xx_HAL_Driver\Src\stm32f1xx_hal_uart.o
 .text.UART_EndRxTransfer
                0x08003fd8       0x3a Drivers\STM32F1xx_HAL_Driver\Src\stm32f1xx_hal_uart.o
 .text.UART_DMAAbortOnError
                0x08004012       0x28 Drivers\STM32F1xx_HAL_Driver\Src\stm32f1xx_hal_uart.o
 .text.UART_Transmit_IT
                0x0800403a       0xa8 Drivers\STM32F1xx_HAL_Driver\Src\stm32f1xx_hal_uart.o
 .text.UART_EndTransmit_IT
                0x080040e2       0x30 Drivers\STM32F1xx_HAL_Driver\Src\stm32f1xx_hal_uart.o
 .text.UART_Receive_IT
                0x08004112      0x102 Drivers\STM32F1xx_HAL_Driver\Src\stm32f1xx_hal_uart.o
 .text.UART_SetConfig
                0x08004214      0x230 Drivers\STM32F1xx_HAL_Driver\Src\stm32f1xx_hal_uart.o
 .text.USB_CoreInit
                0x08004444       0x20 Drivers\STM32F1xx_HAL_Driver\Src\stm32f1xx_ll_usb.o
                0x08004444                USB_CoreInit
 .text.USB_EnableGlobalInt
                0x08004464       0x34 Drivers\STM32F1xx_HAL_Driver\Src\stm32f1xx_ll_usb.o
                0x08004464                USB_EnableGlobalInt
 .text.USB_DisableGlobalInt
                0x08004498       0x38 Drivers\STM32F1xx_HAL_Driver\Src\stm32f1xx_ll_usb.o
                0x08004498                USB_DisableGlobalInt
 .text.USB_SetCurrentMode
                0x080044d0       0x18 Drivers\STM32F1xx_HAL_Driver\Src\stm32f1xx_ll_usb.o
                0x080044d0                USB_SetCurrentMode
 .text.USB_DevInit
                0x080044e8       0x48 Drivers\STM32F1xx_HAL_Driver\Src\stm32f1xx_ll_usb.o
                0x080044e8                USB_DevInit
 .text.USB_ActivateEndpoint
                0x08004530      0x584 Drivers\STM32F1xx_HAL_Driver\Src\stm32f1xx_ll_usb.o
                0x08004530                USB_ActivateEndpoint
 .text.USB_DeactivateEndpoint
                0x08004ab4      0x310 Drivers\STM32F1xx_HAL_Driver\Src\stm32f1xx_ll_usb.o
                0x08004ab4                USB_DeactivateEndpoint
 .text.USB_EPStartXfer
                0x08004dc4      0x504 Drivers\STM32F1xx_HAL_Driver\Src\stm32f1xx_ll_usb.o
                0x08004dc4                USB_EPStartXfer
 .text.USB_EPSetStall
                0x080052c8       0xc0 Drivers\STM32F1xx_HAL_Driver\Src\stm32f1xx_ll_usb.o
                0x080052c8                USB_EPSetStall
 .text.USB_EPClearStall
                0x08005388      0x114 Drivers\STM32F1xx_HAL_Driver\Src\stm32f1xx_ll_usb.o
                0x08005388                USB_EPClearStall
 .text.USB_SetDevAddress
                0x0800549c       0x26 Drivers\STM32F1xx_HAL_Driver\Src\stm32f1xx_ll_usb.o
                0x0800549c                USB_SetDevAddress
 .text.USB_DevConnect
                0x080054c2       0x14 Drivers\STM32F1xx_HAL_Driver\Src\stm32f1xx_ll_usb.o
                0x080054c2                USB_DevConnect
 .text.USB_DevDisconnect
                0x080054d6       0x14 Drivers\STM32F1xx_HAL_Driver\Src\stm32f1xx_ll_usb.o
                0x080054d6                USB_DevDisconnect
 .text.USB_ReadInterrupts
                0x080054ea       0x22 Drivers\STM32F1xx_HAL_Driver\Src\stm32f1xx_ll_usb.o
                0x080054ea                USB_ReadInterrupts
 .text.USB_EP0_OutStart
                0x0800550c       0x16 Drivers\STM32F1xx_HAL_Driver\Src\stm32f1xx_ll_usb.o
                0x0800550c                USB_EP0_OutStart
 .text.USB_WritePMA
                0x08005522       0x8c Drivers\STM32F1xx_HAL_Driver\Src\stm32f1xx_ll_usb.o
                0x08005522                USB_WritePMA
 .text.USB_ReadPMA
                0x080055ae       0x6a Drivers\STM32F1xx_HAL_Driver\Src\stm32f1xx_ll_usb.o
                0x080055ae                USB_ReadPMA
 .text.USBD_CDC_Init
                0x08005618       0xd2 Middlewares\ST\STM32_USB_Device_Library\Class\CDC\Src\usbd_cdc.o
 .text.USBD_CDC_DeInit
                0x080056ea       0x5a Middlewares\ST\STM32_USB_Device_Library\Class\CDC\Src\usbd_cdc.o
 .text.USBD_CDC_Setup
                0x08005744       0xbc Middlewares\ST\STM32_USB_Device_Library\Class\CDC\Src\usbd_cdc.o
 .text.USBD_CDC_DataIn
                0x08005800       0x36 Middlewares\ST\STM32_USB_Device_Library\Class\CDC\Src\usbd_cdc.o
 .text.USBD_CDC_DataOut
                0x08005836       0x56 Middlewares\ST\STM32_USB_Device_Library\Class\CDC\Src\usbd_cdc.o
 .text.USBD_CDC_EP0_RxReady
                0x0800588c       0x50 Middlewares\ST\STM32_USB_Device_Library\Class\CDC\Src\usbd_cdc.o
 .text.USBD_CDC_GetFSCfgDesc
                0x080058dc       0x20 Middlewares\ST\STM32_USB_Device_Library\Class\CDC\Src\usbd_cdc.o
 .text.USBD_CDC_GetHSCfgDesc
                0x080058fc       0x20 Middlewares\ST\STM32_USB_Device_Library\Class\CDC\Src\usbd_cdc.o
 .text.USBD_CDC_GetOtherSpeedCfgDesc
                0x0800591c       0x20 Middlewares\ST\STM32_USB_Device_Library\Class\CDC\Src\usbd_cdc.o
 .text.USBD_CDC_GetDeviceQualifierDescriptor
                0x0800593c       0x20 Middlewares\ST\STM32_USB_Device_Library\Class\CDC\Src\usbd_cdc.o
                0x0800593c                USBD_CDC_GetDeviceQualifierDescriptor
 .text.USBD_CDC_RegisterInterface
                0x0800595c       0x2c Middlewares\ST\STM32_USB_Device_Library\Class\CDC\Src\usbd_cdc.o
                0x0800595c                USBD_CDC_RegisterInterface
 .text.USBD_CDC_SetTxBuffer
                0x08005988       0x32 Middlewares\ST\STM32_USB_Device_Library\Class\CDC\Src\usbd_cdc.o
                0x08005988                USBD_CDC_SetTxBuffer
 .text.USBD_CDC_SetRxBuffer
                0x080059ba       0x26 Middlewares\ST\STM32_USB_Device_Library\Class\CDC\Src\usbd_cdc.o
                0x080059ba                USBD_CDC_SetRxBuffer
 .text.USBD_CDC_TransmitPacket
                0x080059e0       0x54 Middlewares\ST\STM32_USB_Device_Library\Class\CDC\Src\usbd_cdc.o
                0x080059e0                USBD_CDC_TransmitPacket
 .text.USBD_CDC_ReceivePacket
                0x08005a34       0x54 Middlewares\ST\STM32_USB_Device_Library\Class\CDC\Src\usbd_cdc.o
                0x08005a34                USBD_CDC_ReceivePacket
 .text.USBD_Init
                0x08005a88       0x56 Middlewares\ST\STM32_USB_Device_Library\Core\Src\usbd_core.o
                0x08005a88                USBD_Init
 .text.USBD_RegisterClass
                0x08005ade       0x32 Middlewares\ST\STM32_USB_Device_Library\Core\Src\usbd_core.o
                0x08005ade                USBD_RegisterClass
 .text.USBD_Start
                0x08005b10       0x18 Middlewares\ST\STM32_USB_Device_Library\Core\Src\usbd_core.o
                0x08005b10                USBD_Start
 .text.USBD_RunTestMode
                0x08005b28       0x14 Middlewares\ST\STM32_USB_Device_Library\Core\Src\usbd_core.o
                0x08005b28                USBD_RunTestMode
 .text.USBD_SetClassConfig
                0x08005b3c       0x3e Middlewares\ST\STM32_USB_Device_Library\Core\Src\usbd_core.o
                0x08005b3c                USBD_SetClassConfig
 .text.USBD_ClrClassConfig
                0x08005b7a       0x26 Middlewares\ST\STM32_USB_Device_Library\Core\Src\usbd_core.o
                0x08005b7a                USBD_ClrClassConfig
 .text.USBD_LL_SetupStage
                0x08005ba0       0x94 Middlewares\ST\STM32_USB_Device_Library\Core\Src\usbd_core.o
                0x08005ba0                USBD_LL_SetupStage
 .text.USBD_LL_DataOutStage
                0x08005c34       0xb6 Middlewares\ST\STM32_USB_Device_Library\Core\Src\usbd_core.o
                0x08005c34                USBD_LL_DataOutStage
 .text.USBD_LL_DataInStage
                0x08005cea      0x11e Middlewares\ST\STM32_USB_Device_Library\Core\Src\usbd_core.o
                0x08005cea                USBD_LL_DataInStage
 .text.USBD_LL_Reset
                0x08005e08       0x5e Middlewares\ST\STM32_USB_Device_Library\Core\Src\usbd_core.o
                0x08005e08                USBD_LL_Reset
 .text.USBD_LL_SetSpeed
                0x08005e66       0x1e Middlewares\ST\STM32_USB_Device_Library\Core\Src\usbd_core.o
                0x08005e66                USBD_LL_SetSpeed
 .text.USBD_LL_Suspend
                0x08005e84       0x28 Middlewares\ST\STM32_USB_Device_Library\Core\Src\usbd_core.o
                0x08005e84                USBD_LL_Suspend
 .text.USBD_LL_Resume
                0x08005eac       0x20 Middlewares\ST\STM32_USB_Device_Library\Core\Src\usbd_core.o
                0x08005eac                USBD_LL_Resume
 .text.USBD_LL_SOF
                0x08005ecc       0x34 Middlewares\ST\STM32_USB_Device_Library\Core\Src\usbd_core.o
                0x08005ecc                USBD_LL_SOF
 .text.USBD_StdDevReq
                0x08005f00       0xa0 Middlewares\ST\STM32_USB_Device_Library\Core\Src\usbd_ctlreq.o
                0x08005f00                USBD_StdDevReq
 .text.USBD_StdItfReq
                0x08005fa0       0x66 Middlewares\ST\STM32_USB_Device_Library\Core\Src\usbd_ctlreq.o
                0x08005fa0                USBD_StdItfReq
 .text.USBD_StdEPReq
                0x08006006      0x1b0 Middlewares\ST\STM32_USB_Device_Library\Core\Src\usbd_ctlreq.o
                0x08006006                USBD_StdEPReq
 *fill*         0x080061b6        0x2 
 .text.USBD_GetDescriptor
                0x080061b8      0x1e8 Middlewares\ST\STM32_USB_Device_Library\Core\Src\usbd_ctlreq.o
 .text.USBD_SetAddress
                0x080063a0       0x7c Middlewares\ST\STM32_USB_Device_Library\Core\Src\usbd_ctlreq.o
 .text.USBD_SetConfig
                0x0800641c      0x110 Middlewares\ST\STM32_USB_Device_Library\Core\Src\usbd_ctlreq.o
 .text.USBD_GetConfig
                0x0800652c       0x64 Middlewares\ST\STM32_USB_Device_Library\Core\Src\usbd_ctlreq.o
 .text.USBD_GetStatus
                0x08006590       0x54 Middlewares\ST\STM32_USB_Device_Library\Core\Src\usbd_ctlreq.o
 .text.USBD_SetFeature
                0x080065e4       0x36 Middlewares\ST\STM32_USB_Device_Library\Core\Src\usbd_ctlreq.o
 .text.USBD_ClrFeature
                0x0800661a       0x50 Middlewares\ST\STM32_USB_Device_Library\Core\Src\usbd_ctlreq.o
 .text.USBD_ParseSetupRequest
                0x0800666a       0x78 Middlewares\ST\STM32_USB_Device_Library\Core\Src\usbd_ctlreq.o
                0x0800666a                USBD_ParseSetupRequest
 .text.USBD_CtlError
                0x080066e2       0x22 Middlewares\ST\STM32_USB_Device_Library\Core\Src\usbd_ctlreq.o
                0x080066e2                USBD_CtlError
 .text.USBD_GetString
                0x08006704       0x86 Middlewares\ST\STM32_USB_Device_Library\Core\Src\usbd_ctlreq.o
                0x08006704                USBD_GetString
 .text.USBD_GetLen
                0x0800678a       0x2e Middlewares\ST\STM32_USB_Device_Library\Core\Src\usbd_ctlreq.o
 .text.USBD_CtlSendData
                0x080067b8       0x38 Middlewares\ST\STM32_USB_Device_Library\Core\Src\usbd_ioreq.o
                0x080067b8                USBD_CtlSendData
 .text.USBD_CtlContinueSendData
                0x080067f0       0x24 Middlewares\ST\STM32_USB_Device_Library\Core\Src\usbd_ioreq.o
                0x080067f0                USBD_CtlContinueSendData
 .text.USBD_CtlPrepareRx
                0x08006814       0x3c Middlewares\ST\STM32_USB_Device_Library\Core\Src\usbd_ioreq.o
                0x08006814                USBD_CtlPrepareRx
 .text.USBD_CtlContinueRx
                0x08006850       0x24 Middlewares\ST\STM32_USB_Device_Library\Core\Src\usbd_ioreq.o
                0x08006850                USBD_CtlContinueRx
 .text.USBD_CtlSendStatus
                0x08006874       0x26 Middlewares\ST\STM32_USB_Device_Library\Core\Src\usbd_ioreq.o
                0x08006874                USBD_CtlSendStatus
 .text.USBD_CtlReceiveStatus
                0x0800689a       0x26 Middlewares\ST\STM32_USB_Device_Library\Core\Src\usbd_ioreq.o
                0x0800689a                USBD_CtlReceiveStatus
 .text.MX_USB_DEVICE_Init
                0x080068c0       0x38 USB_DEVICE\App\usb_device.o
                0x080068c0                MX_USB_DEVICE_Init
 .text.CDC_Init_FS
                0x080068f8       0x28 USB_DEVICE\App\usbd_cdc_if.o
 .text.CDC_DeInit_FS
                0x08006920        0xe USB_DEVICE\App\usbd_cdc_if.o
 *fill*         0x0800692e        0x2 
 .text.CDC_Control_FS
                0x08006930       0xbc USB_DEVICE\App\usbd_cdc_if.o
 .text.CDC_Receive_FS
                0x080069ec       0x28 USB_DEVICE\App\usbd_cdc_if.o
 .text.CDC_Transmit_FS
                0x08006a14       0x4c USB_DEVICE\App\usbd_cdc_if.o
                0x08006a14                CDC_Transmit_FS
 .text.USBD_FS_DeviceDescriptor
                0x08006a60       0x24 USB_DEVICE\App\usbd_desc.o
                0x08006a60                USBD_FS_DeviceDescriptor
 .text.USBD_FS_LangIDStrDescriptor
                0x08006a84       0x24 USB_DEVICE\App\usbd_desc.o
                0x08006a84                USBD_FS_LangIDStrDescriptor
 .text.USBD_FS_ProductStrDescriptor
                0x08006aa8       0x3c USB_DEVICE\App\usbd_desc.o
                0x08006aa8                USBD_FS_ProductStrDescriptor
 .text.USBD_FS_ManufacturerStrDescriptor
                0x08006ae4       0x28 USB_DEVICE\App\usbd_desc.o
                0x08006ae4                USBD_FS_ManufacturerStrDescriptor
 .text.USBD_FS_SerialStrDescriptor
                0x08006b0c       0x3c USB_DEVICE\App\usbd_desc.o
                0x08006b0c                USBD_FS_SerialStrDescriptor
 .text.USBD_FS_ConfigStrDescriptor
                0x08006b48       0x3c USB_DEVICE\App\usbd_desc.o
                0x08006b48                USBD_FS_ConfigStrDescriptor
 .text.USBD_FS_InterfaceStrDescriptor
                0x08006b84       0x3c USB_DEVICE\App\usbd_desc.o
                0x08006b84                USBD_FS_InterfaceStrDescriptor
 .text.HAL_PCD_MspInit
                0x08006bc0       0x4c USB_DEVICE\Target\usbd_conf.o
                0x08006bc0                HAL_PCD_MspInit
 .text.HAL_PCD_SetupStageCallback
                0x08006c0c       0x24 USB_DEVICE\Target\usbd_conf.o
                0x08006c0c                HAL_PCD_SetupStageCallback
 .text.HAL_PCD_DataOutStageCallback
                0x08006c30       0x30 USB_DEVICE\Target\usbd_conf.o
                0x08006c30                HAL_PCD_DataOutStageCallback
 .text.HAL_PCD_DataInStageCallback
                0x08006c60       0x2e USB_DEVICE\Target\usbd_conf.o
                0x08006c60                HAL_PCD_DataInStageCallback
 .text.HAL_PCD_SOFCallback
                0x08006c8e       0x1c USB_DEVICE\Target\usbd_conf.o
                0x08006c8e                HAL_PCD_SOFCallback
 .text.HAL_PCD_ResetCallback
                0x08006caa       0x44 USB_DEVICE\Target\usbd_conf.o
                0x08006caa                HAL_PCD_ResetCallback
 *fill*         0x08006cee        0x2 
 .text.HAL_PCD_SuspendCallback
                0x08006cf0       0x34 USB_DEVICE\Target\usbd_conf.o
                0x08006cf0                HAL_PCD_SuspendCallback
 .text.HAL_PCD_ResumeCallback
                0x08006d24       0x1c USB_DEVICE\Target\usbd_conf.o
                0x08006d24                HAL_PCD_ResumeCallback
 .text.USBD_LL_Init
                0x08006d40       0xb8 USB_DEVICE\Target\usbd_conf.o
                0x08006d40                USBD_LL_Init
 .text.USBD_LL_Start
                0x08006df8       0x64 USB_DEVICE\Target\usbd_conf.o
                0x08006df8                USBD_LL_Start
 .text.USBD_LL_OpenEP
                0x08006e5c       0x7c USB_DEVICE\Target\usbd_conf.o
                0x08006e5c                USBD_LL_OpenEP
 .text.USBD_LL_CloseEP
                0x08006ed8       0x6c USB_DEVICE\Target\usbd_conf.o
                0x08006ed8                USBD_LL_CloseEP
 .text.USBD_LL_StallEP
                0x08006f44       0x6c USB_DEVICE\Target\usbd_conf.o
                0x08006f44                USBD_LL_StallEP
 .text.USBD_LL_ClearStallEP
                0x08006fb0       0x6c USB_DEVICE\Target\usbd_conf.o
                0x08006fb0                USBD_LL_ClearStallEP
 .text.USBD_LL_IsStallEP
                0x0800701c       0x4a USB_DEVICE\Target\usbd_conf.o
                0x0800701c                USBD_LL_IsStallEP
 *fill*         0x08007066        0x2 
 .text.USBD_LL_SetUSBAddress
                0x08007068       0x6c USB_DEVICE\Target\usbd_conf.o
                0x08007068                USBD_LL_SetUSBAddress
 .text.USBD_LL_Transmit
                0x080070d4       0x74 USB_DEVICE\Target\usbd_conf.o
                0x080070d4                USBD_LL_Transmit
 .text.USBD_LL_PrepareReceive
                0x08007148       0x74 USB_DEVICE\Target\usbd_conf.o
                0x08007148                USBD_LL_PrepareReceive
 .text.USBD_LL_GetRxDataSize
                0x080071bc       0x26 USB_DEVICE\Target\usbd_conf.o
                0x080071bc                USBD_LL_GetRxDataSize
 *fill*         0x080071e2        0x2 
 .text.USBD_static_malloc
                0x080071e4       0x18 USB_DEVICE\Target\usbd_conf.o
                0x080071e4                USBD_static_malloc
 .text.USBD_static_free
                0x080071fc       0x12 USB_DEVICE\Target\usbd_conf.o
                0x080071fc                USBD_static_free
 .text.HAL_PCDEx_SetConnectionState
                0x0800720e       0x16 USB_DEVICE\Target\usbd_conf.o
                0x0800720e                HAL_PCDEx_SetConnectionState
 .text.Reset_Handler
                0x08007224       0x48 startup\startup_stm32f103xb.o
                0x08007224                Reset_Handler
 .text.Default_Handler
                0x0800726c        0x2 startup\startup_stm32f103xb.o
                0x0800726c                RTC_Alarm_IRQHandler
                0x0800726c                EXTI2_IRQHandler
                0x0800726c                TIM1_CC_IRQHandler
                0x0800726c                PVD_IRQHandler
                0x0800726c                EXTI3_IRQHandler
                0x0800726c                EXTI0_IRQHandler
                0x0800726c                I2C2_EV_IRQHandler
                0x0800726c                ADC1_2_IRQHandler
                0x0800726c                SPI1_IRQHandler
                0x0800726c                TAMPER_IRQHandler
                0x0800726c                DMA1_Channel4_IRQHandler
                0x0800726c                RTC_IRQHandler
                0x0800726c                DMA1_Channel7_IRQHandler
                0x0800726c                CAN1_RX1_IRQHandler
                0x0800726c                TIM4_IRQHandler
                0x0800726c                I2C1_EV_IRQHandler
                0x0800726c                TIM3_IRQHandler
                0x0800726c                RCC_IRQHandler
                0x0800726c                TIM1_TRG_COM_IRQHandler
                0x0800726c                DMA1_Channel1_IRQHandler
                0x0800726c                Default_Handler
                0x0800726c                EXTI15_10_IRQHandler
                0x0800726c                EXTI9_5_IRQHandler
                0x0800726c                SPI2_IRQHandler
                0x0800726c                DMA1_Channel5_IRQHandler
                0x0800726c                EXTI4_IRQHandler
                0x0800726c                USB_HP_CAN1_TX_IRQHandler
                0x0800726c                TIM1_UP_IRQHandler
                0x0800726c                WWDG_IRQHandler
                0x0800726c                TIM2_IRQHandler
                0x0800726c                TIM1_BRK_IRQHandler
                0x0800726c                EXTI1_IRQHandler
                0x0800726c                I2C2_ER_IRQHandler
                0x0800726c                DMA1_Channel2_IRQHandler
                0x0800726c                CAN1_SCE_IRQHandler
                0x0800726c                FLASH_IRQHandler
                0x0800726c                USART1_IRQHandler
                0x0800726c                I2C1_ER_IRQHandler
                0x0800726c                USBWakeUp_IRQHandler
 *fill*         0x0800726e        0x2 
 .text.__libc_init_array
                0x08007270       0x48 c:/program files (x86)/atollic/truestudio for stm32 9.0.1/armtools/bin/../lib/gcc/arm-atollic-eabi/6.3.1/../../../../arm-atollic-eabi/lib/armv7-m\libc_nano.a(lib_a-init.o)
                0x08007270                __libc_init_array
 .text.memset   0x080072b8       0x10 c:/program files (x86)/atollic/truestudio for stm32 9.0.1/armtools/bin/../lib/gcc/arm-atollic-eabi/6.3.1/../../../../arm-atollic-eabi/lib/armv7-m\libc_nano.a(lib_a-memset.o)
                0x080072b8                memset
 .text.sprintf  0x080072c8       0x48 c:/program files (x86)/atollic/truestudio for stm32 9.0.1/armtools/bin/../lib/gcc/arm-atollic-eabi/6.3.1/../../../../arm-atollic-eabi/lib/armv7-m\libc_nano.a(lib_a-sprintf.o)
                0x080072c8                siprintf
                0x080072c8                sprintf
 .text.__ssputs_r
                0x08007310       0xb6 c:/program files (x86)/atollic/truestudio for stm32 9.0.1/armtools/bin/../lib/gcc/arm-atollic-eabi/6.3.1/../../../../arm-atollic-eabi/lib/armv7-m\libc_nano.a(lib_a-nano-svfprintf.o)
                0x08007310                __ssputs_r
 *fill*         0x080073c6        0x2 
 .text._svfprintf_r
                0x080073c8      0x1e8 c:/program files (x86)/atollic/truestudio for stm32 9.0.1/armtools/bin/../lib/gcc/arm-atollic-eabi/6.3.1/../../../../arm-atollic-eabi/lib/armv7-m\libc_nano.a(lib_a-nano-svfprintf.o)
                0x080073c8                _svfiprintf_r
                0x080073c8                _svfprintf_r
 .text._printf_common
                0x080075b0       0xee c:/program files (x86)/atollic/truestudio for stm32 9.0.1/armtools/bin/../lib/gcc/arm-atollic-eabi/6.3.1/../../../../arm-atollic-eabi/lib/armv7-m\libc_nano.a(lib_a-nano-vfprintf_i.o)
                0x080075b0                _printf_common
 *fill*         0x0800769e        0x2 
 .text._printf_i
                0x080076a0      0x240 c:/program files (x86)/atollic/truestudio for stm32 9.0.1/armtools/bin/../lib/gcc/arm-atollic-eabi/6.3.1/../../../../arm-atollic-eabi/lib/armv7-m\libc_nano.a(lib_a-nano-vfprintf_i.o)
                0x080076a0                _printf_i
 .text.memchr   0x080078e0       0x1c c:/program files (x86)/atollic/truestudio for stm32 9.0.1/armtools/bin/../lib/gcc/arm-atollic-eabi/6.3.1/../../../../arm-atollic-eabi/lib/armv7-m\libc_nano.a(lib_a-memchr-stub.o)
                0x080078e0                memchr
 .text.memcpy   0x080078fc       0x16 c:/program files (x86)/atollic/truestudio for stm32 9.0.1/armtools/bin/../lib/gcc/arm-atollic-eabi/6.3.1/../../../../arm-atollic-eabi/lib/armv7-m\libc_nano.a(lib_a-memcpy-stub.o)
                0x080078fc                memcpy
 .text.memmove  0x08007912       0x34 c:/program files (x86)/atollic/truestudio for stm32 9.0.1/armtools/bin/../lib/gcc/arm-atollic-eabi/6.3.1/../../../../arm-atollic-eabi/lib/armv7-m\libc_nano.a(lib_a-memmove.o)
                0x08007912                memmove
 *fill*         0x08007946        0x2 
 .text._free_r  0x08007948       0x98 c:/program files (x86)/atollic/truestudio for stm32 9.0.1/armtools/bin/../lib/gcc/arm-atollic-eabi/6.3.1/../../../../arm-atollic-eabi/lib/armv7-m\libc_nano.a(lib_a-nano-freer.o)
                0x08007948                _free_r
 .text._malloc_r
                0x080079e0       0xbc c:/program files (x86)/atollic/truestudio for stm32 9.0.1/armtools/bin/../lib/gcc/arm-atollic-eabi/6.3.1/../../../../arm-atollic-eabi/lib/armv7-m\libc_nano.a(lib_a-nano-mallocr.o)
                0x080079e0                _malloc_r
 .text._realloc_r
                0x08007a9c       0x4c c:/program files (x86)/atollic/truestudio for stm32 9.0.1/armtools/bin/../lib/gcc/arm-atollic-eabi/6.3.1/../../../../arm-atollic-eabi/lib/armv7-m\libc_nano.a(lib_a-nano-reallocr.o)
                0x08007a9c                _realloc_r
 .text._sbrk_r  0x08007ae8       0x20 c:/program files (x86)/atollic/truestudio for stm32 9.0.1/armtools/bin/../lib/gcc/arm-atollic-eabi/6.3.1/../../../../arm-atollic-eabi/lib/armv7-m\libc_nano.a(lib_a-sbrkr.o)
                0x08007ae8                _sbrk_r
 .text.__malloc_lock
                0x08007b08        0x2 c:/program files (x86)/atollic/truestudio for stm32 9.0.1/armtools/bin/../lib/gcc/arm-atollic-eabi/6.3.1/../../../../arm-atollic-eabi/lib/armv7-m\libc_nano.a(lib_a-mlock.o)
                0x08007b08                __malloc_lock
 .text.__malloc_unlock
                0x08007b0a        0x2 c:/program files (x86)/atollic/truestudio for stm32 9.0.1/armtools/bin/../lib/gcc/arm-atollic-eabi/6.3.1/../../../../arm-atollic-eabi/lib/armv7-m\libc_nano.a(lib_a-mlock.o)
                0x08007b0a                __malloc_unlock
 .text._malloc_usable_size_r
                0x08007b0c       0x12 c:/program files (x86)/atollic/truestudio for stm32 9.0.1/armtools/bin/../lib/gcc/arm-atollic-eabi/6.3.1/../../../../arm-atollic-eabi/lib/armv7-m\libc_nano.a(lib_a-nano-msizer.o)
                0x08007b0c                _malloc_usable_size_r
 *fill*         0x08007b1e        0x2 
 .text._sbrk    0x08007b20       0x1c c:/program files (x86)/atollic/truestudio for stm32 9.0.1/armtools/bin/../lib/gcc/arm-atollic-eabi/6.3.1/../../../../arm-atollic-eabi/lib/armv7-m\libnosys.a(sbrk.o)
                0x08007b20                _sbrk
 *(.glue_7)
 .glue_7        0x08007b3c        0x0 linker stubs
 *(.glue_7t)
 .glue_7t       0x08007b3c        0x0 linker stubs
 *(.eh_frame)
 .eh_frame      0x08007b3c        0x0 c:/program files (x86)/atollic/truestudio for stm32 9.0.1/armtools/bin/../lib/gcc/arm-atollic-eabi/6.3.1/armv7-m/crtbegin.o
 *(.init)
 .init          0x08007b3c        0x4 c:/program files (x86)/atollic/truestudio for stm32 9.0.1/armtools/bin/../lib/gcc/arm-atollic-eabi/6.3.1/armv7-m/crti.o
                0x08007b3c                _init
 .init          0x08007b40        0x8 c:/program files (x86)/atollic/truestudio for stm32 9.0.1/armtools/bin/../lib/gcc/arm-atollic-eabi/6.3.1/armv7-m/crtn.o
 *(.fini)
 .fini          0x08007b48        0x4 c:/program files (x86)/atollic/truestudio for stm32 9.0.1/armtools/bin/../lib/gcc/arm-atollic-eabi/6.3.1/armv7-m/crti.o
                0x08007b48                _fini
 .fini          0x08007b4c        0x8 c:/program files (x86)/atollic/truestudio for stm32 9.0.1/armtools/bin/../lib/gcc/arm-atollic-eabi/6.3.1/armv7-m/crtn.o
                0x08007b54                . = ALIGN (0x4)
                0x08007b54                _etext = .

.vfp11_veneer   0x08007b54        0x0
 .vfp11_veneer  0x08007b54        0x0 linker stubs

.v4_bx          0x08007b54        0x0
 .v4_bx         0x08007b54        0x0 linker stubs

.iplt           0x08007b54        0x0
 .iplt          0x08007b54        0x0 c:/program files (x86)/atollic/truestudio for stm32 9.0.1/armtools/bin/../lib/gcc/arm-atollic-eabi/6.3.1/armv7-m/crtbegin.o

.rodata         0x08007b54       0xd8
                0x08007b54                . = ALIGN (0x4)
 *(.rodata)
 .rodata        0x08007b54       0x20 Core\Src\main.o
 .rodata        0x08007b74       0x12 Drivers\STM32F1xx_HAL_Driver\Src\stm32f1xx_hal_rcc.o
 *fill*         0x08007b86        0x2 
 .rodata        0x08007b88       0x56 USB_DEVICE\App\usbd_desc.o
 *(.rodata*)
 *fill*         0x08007bde        0x2 
 .rodata.AHBPrescTable
                0x08007be0       0x10 Core\Src\system_stm32f1xx.o
                0x08007be0                AHBPrescTable
 .rodata.APBPrescTable
                0x08007bf0        0x8 Core\Src\system_stm32f1xx.o
                0x08007bf0                APBPrescTable
 .rodata._svfprintf_r.str1.1
                0x08007bf8       0x11 c:/program files (x86)/atollic/truestudio for stm32 9.0.1/armtools/bin/../lib/gcc/arm-atollic-eabi/6.3.1/../../../../arm-atollic-eabi/lib/armv7-m\libc_nano.a(lib_a-nano-svfprintf.o)
 .rodata._printf_i.str1.1
                0x08007c09       0x22 c:/program files (x86)/atollic/truestudio for stm32 9.0.1/armtools/bin/../lib/gcc/arm-atollic-eabi/6.3.1/../../../../arm-atollic-eabi/lib/armv7-m\libc_nano.a(lib_a-nano-vfprintf_i.o)
                0x08007c2c                . = ALIGN (0x4)
 *fill*         0x08007c2b        0x1 

.rel.dyn        0x08007c2c        0x0
 .rel.iplt      0x08007c2c        0x0 c:/program files (x86)/atollic/truestudio for stm32 9.0.1/armtools/bin/../lib/gcc/arm-atollic-eabi/6.3.1/armv7-m/crtbegin.o

.ARM.extab
 *(.ARM.extab* .gnu.linkonce.armextab.*)

.ARM            0x08007c2c        0x0
                0x08007c2c                __exidx_start = .
 *(.ARM.exidx*)
                0x08007c2c                __exidx_end = .

.preinit_array  0x08007c2c        0x0
                0x08007c2c                PROVIDE (__preinit_array_start, .)
 *(.preinit_array*)
                0x08007c2c                PROVIDE (__preinit_array_end, .)

.init_array     0x08007c2c        0x4
                0x08007c2c                PROVIDE (__init_array_start, .)
 *(SORT(.init_array.*))
 *(.init_array*)
 .init_array    0x08007c2c        0x4 c:/program files (x86)/atollic/truestudio for stm32 9.0.1/armtools/bin/../lib/gcc/arm-atollic-eabi/6.3.1/armv7-m/crtbegin.o
                0x08007c30                PROVIDE (__init_array_end, .)

.fini_array     0x08007c30        0x4
                [!provide]                PROVIDE (__fini_array_start, .)
 *(SORT(.fini_array.*))
 *(.fini_array*)
 .fini_array    0x08007c30        0x4 c:/program files (x86)/atollic/truestudio for stm32 9.0.1/armtools/bin/../lib/gcc/arm-atollic-eabi/6.3.1/armv7-m/crtbegin.o
                [!provide]                PROVIDE (__fini_array_end, .)
                0x08007c34                _sidata = LOADADDR (.data)

.data           0x20000000      0x248 load address 0x08007c34
                0x20000000                . = ALIGN (0x4)
                0x20000000                _sdata = .
 *(.data)
 *(.data*)
 .data.LED_PORT2_NAMES
                0x20000000       0x28 Core\Src\main.o
                0x20000000                LED_PORT2_NAMES
 .data.LED_PINS_2
                0x20000028       0x14 Core\Src\main.o
                0x20000028                LED_PINS_2
 .data.LED_PORT1_NAMES
                0x2000003c       0x28 Core\Src\main.o
                0x2000003c                LED_PORT1_NAMES
 .data.LED_PINS_1
                0x20000064       0x14 Core\Src\main.o
                0x20000064                LED_PINS_1
 .data.pwm_lvl  0x20000078        0xa Core\Src\main.o
                0x20000078                pwm_lvl
 *fill*         0x20000082        0x2 
 .data.SystemCoreClock
                0x20000084        0x4 Core\Src\system_stm32f1xx.o
                0x20000084                SystemCoreClock
 .data.uwTickPrio
                0x20000088        0x4 Drivers\STM32F1xx_HAL_Driver\Src\stm32f1xx_hal.o
                0x20000088                uwTickPrio
 .data.uwTickFreq
                0x2000008c        0x1 Drivers\STM32F1xx_HAL_Driver\Src\stm32f1xx_hal.o
                0x2000008c                uwTickFreq
 *fill*         0x2000008d        0x3 
 .data.USBD_CDC_DeviceQualifierDesc
                0x20000090        0xa Middlewares\ST\STM32_USB_Device_Library\Class\CDC\Src\usbd_cdc.o
 *fill*         0x2000009a        0x2 
 .data.USBD_CDC
                0x2000009c       0x38 Middlewares\ST\STM32_USB_Device_Library\Class\CDC\Src\usbd_cdc.o
                0x2000009c                USBD_CDC
 .data.USBD_CDC_CfgHSDesc
                0x200000d4       0x43 Middlewares\ST\STM32_USB_Device_Library\Class\CDC\Src\usbd_cdc.o
                0x200000d4                USBD_CDC_CfgHSDesc
 *fill*         0x20000117        0x1 
 .data.USBD_CDC_CfgFSDesc
                0x20000118       0x43 Middlewares\ST\STM32_USB_Device_Library\Class\CDC\Src\usbd_cdc.o
                0x20000118                USBD_CDC_CfgFSDesc
 *fill*         0x2000015b        0x1 
 .data.USBD_CDC_OtherSpeedCfgDesc
                0x2000015c       0x43 Middlewares\ST\STM32_USB_Device_Library\Class\CDC\Src\usbd_cdc.o
                0x2000015c                USBD_CDC_OtherSpeedCfgDesc
 *fill*         0x2000019f        0x1 
 .data.USBD_Interface_fops_FS
                0x200001a0       0x10 USB_DEVICE\App\usbd_cdc_if.o
                0x200001a0                USBD_Interface_fops_FS
 .data.FS_Desc  0x200001b0       0x1c USB_DEVICE\App\usbd_desc.o
                0x200001b0                FS_Desc
 .data.USBD_FS_DeviceDesc
                0x200001cc       0x12 USB_DEVICE\App\usbd_desc.o
                0x200001cc                USBD_FS_DeviceDesc
 *fill*         0x200001de        0x2 
 .data.USBD_LangIDDesc
                0x200001e0        0x4 USB_DEVICE\App\usbd_desc.o
                0x200001e0                USBD_LangIDDesc
 .data._impure_ptr
                0x200001e4        0x4 c:/program files (x86)/atollic/truestudio for stm32 9.0.1/armtools/bin/../lib/gcc/arm-atollic-eabi/6.3.1/../../../../arm-atollic-eabi/lib/armv7-m\libc_nano.a(lib_a-impure.o)
                0x200001e4                _impure_ptr
 .data.impure_data
                0x200001e8       0x60 c:/program files (x86)/atollic/truestudio for stm32 9.0.1/armtools/bin/../lib/gcc/arm-atollic-eabi/6.3.1/../../../../arm-atollic-eabi/lib/armv7-m\libc_nano.a(lib_a-impure.o)
                0x20000248                . = ALIGN (0x4)
                0x20000248                _edata = .

.igot.plt       0x20000248        0x0 load address 0x08007e7c
 .igot.plt      0x20000248        0x0 c:/program files (x86)/atollic/truestudio for stm32 9.0.1/armtools/bin/../lib/gcc/arm-atollic-eabi/6.3.1/armv7-m/crtbegin.o
                0x20000248                . = ALIGN (0x4)

.bss            0x20000248     0x1ac0 load address 0x08007e7c
                0x20000248                _sbss = .
                0x20000248                __bss_start__ = _sbss
 *(.bss)
 .bss           0x20000248       0x1c c:/program files (x86)/atollic/truestudio for stm32 9.0.1/armtools/bin/../lib/gcc/arm-atollic-eabi/6.3.1/armv7-m/crtbegin.o
 *(.bss*)
 .bss.buffCnt1  0x20000264        0x2 Core\Src\main.o
                0x20000264                buffCnt1
 .bss.buffCnt2  0x20000266        0x2 Core\Src\main.o
                0x20000266                buffCnt2
 .bss.poorQuality1
                0x20000268        0x1 Core\Src\main.o
                0x20000268                poorQuality1
 .bss.attention1
                0x20000269        0x1 Core\Src\main.o
                0x20000269                attention1
 .bss.meditation1
                0x2000026a        0x1 Core\Src\main.o
                0x2000026a                meditation1
 .bss.bigPacket1
                0x2000026b        0x1 Core\Src\main.o
                0x2000026b                bigPacket1
 .bss.isDataRead1
                0x2000026c        0x1 Core\Src\main.o
                0x2000026c                isDataRead1
 .bss.poorQuality2
                0x2000026d        0x1 Core\Src\main.o
                0x2000026d                poorQuality2
 .bss.attention2
                0x2000026e        0x1 Core\Src\main.o
                0x2000026e                attention2
 .bss.meditation2
                0x2000026f        0x1 Core\Src\main.o
                0x2000026f                meditation2
 .bss.bigPacket2
                0x20000270        0x1 Core\Src\main.o
                0x20000270                bigPacket2
 .bss.isDataRead2
                0x20000271        0x1 Core\Src\main.o
                0x20000271                isDataRead2
 .bss.ifalt.8090
                0x20000272        0x1 Middlewares\ST\STM32_USB_Device_Library\Class\CDC\Src\usbd_cdc.o
 .bss.cfgidx.8095
                0x20000273        0x1 Middlewares\ST\STM32_USB_Device_Library\Core\Src\usbd_ctlreq.o
 .bss.mem.8248  0x20000274      0x220 USB_DEVICE\Target\usbd_conf.o
 .bss.__malloc_free_list
                0x20000494        0x4 c:/program files (x86)/atollic/truestudio for stm32 9.0.1/armtools/bin/../lib/gcc/arm-atollic-eabi/6.3.1/../../../../arm-atollic-eabi/lib/armv7-m\libc_nano.a(lib_a-nano-mallocr.o)
                0x20000494                __malloc_free_list
 .bss.__malloc_sbrk_start
                0x20000498        0x4 c:/program files (x86)/atollic/truestudio for stm32 9.0.1/armtools/bin/../lib/gcc/arm-atollic-eabi/6.3.1/../../../../arm-atollic-eabi/lib/armv7-m\libc_nano.a(lib_a-nano-mallocr.o)
                0x20000498                __malloc_sbrk_start
 .bss.heap_end.4116
                0x2000049c        0x4 c:/program files (x86)/atollic/truestudio for stm32 9.0.1/armtools/bin/../lib/gcc/arm-atollic-eabi/6.3.1/../../../../arm-atollic-eabi/lib/armv7-m\libnosys.a(sbrk.o)
 *(COMMON)
 COMMON         0x200004a0      0x80c Core\Src\main.o
                0x200004a0                pBuff2
                0x200005a0                hdma_usart2_rx
                0x200005e4                pData1
                0x200006e4                hdma_usart3_rx
                0x20000728                huart3
                0x20000768                payloadData2
                0x20000868                htim3
                0x200008a8                llen
                0x200008ac                tt
                0x2000092c                pBuff1
                0x20000a2c                payloadData1
                0x20000b2c                htim2
                0x20000b6c                pData2
                0x20000c6c                huart2
 COMMON         0x20000cac        0x4 Drivers\STM32F1xx_HAL_Driver\Src\stm32f1xx_hal.o
                0x20000cac                uwTick
 COMMON         0x20000cb0      0x224 USB_DEVICE\App\usb_device.o
                0x20000cb0                hUsbDeviceFS
 COMMON         0x20000ed4      0x7d0 USB_DEVICE\App\usbd_cdc_if.o
                0x20000ed4                UserRxBufferFS
                0x200012bc                UserTxBufferFS
 COMMON         0x200016a4      0x200 USB_DEVICE\App\usbd_desc.o
                0x200016a4                USBD_StrDesc
 COMMON         0x200018a4      0x460 USB_DEVICE\Target\usbd_conf.o
                0x200018a4                hpcd_USB_FS
 COMMON         0x20001d04        0x4 c:/program files (x86)/atollic/truestudio for stm32 9.0.1/armtools/bin/../lib/gcc/arm-atollic-eabi/6.3.1/../../../../arm-atollic-eabi/lib/armv7-m\libc_nano.a(lib_a-reent.o)
                0x20001d04                errno
                0x20001d08                . = ALIGN (0x4)
                0x20001d08                _ebss = .
                0x20001d08                __bss_end__ = _ebss

._user_heap_stack
                0x20001d08      0x600 load address 0x08007e7c
                0x20001d08                . = ALIGN (0x4)
                0x20001d08                PROVIDE (end, .)
                [!provide]                PROVIDE (_end, .)
                0x20001f08                . = (. + _Min_Heap_Size)
 *fill*         0x20001d08      0x200 
                0x20002308                . = (. + _Min_Stack_Size)
 *fill*         0x20001f08      0x400 
                0x20002308                . = ALIGN (0x4)

/DISCARD/
 libc.a(*)
 libm.a(*)
 libgcc.a(*)

.ARM.attributes
                0x00000000       0x29
 *(.ARM.attributes)
 .ARM.attributes
                0x00000000       0x1d c:/program files (x86)/atollic/truestudio for stm32 9.0.1/armtools/bin/../lib/gcc/arm-atollic-eabi/6.3.1/armv7-m/crti.o
 .ARM.attributes
                0x0000001d       0x2d c:/program files (x86)/atollic/truestudio for stm32 9.0.1/armtools/bin/../lib/gcc/arm-atollic-eabi/6.3.1/armv7-m/crtbegin.o
 .ARM.attributes
                0x0000004a       0x33 Core\Src\main.o
 .ARM.attributes
                0x0000007d       0x33 Core\Src\stm32f1xx_hal_msp.o
 .ARM.attributes
                0x000000b0       0x33 Core\Src\stm32f1xx_it.o
 .ARM.attributes
                0x000000e3       0x33 Core\Src\system_stm32f1xx.o
 .ARM.attributes
                0x00000116       0x33 Drivers\STM32F1xx_HAL_Driver\Src\stm32f1xx_hal.o
 .ARM.attributes
                0x00000149       0x33 Drivers\STM32F1xx_HAL_Driver\Src\stm32f1xx_hal_cortex.o
 .ARM.attributes
                0x0000017c       0x33 Drivers\STM32F1xx_HAL_Driver\Src\stm32f1xx_hal_dma.o
 .ARM.attributes
                0x000001af       0x33 Drivers\STM32F1xx_HAL_Driver\Src\stm32f1xx_hal_gpio.o
 .ARM.attributes
                0x000001e2       0x33 Drivers\STM32F1xx_HAL_Driver\Src\stm32f1xx_hal_pcd.o
 .ARM.attributes
                0x00000215       0x33 Drivers\STM32F1xx_HAL_Driver\Src\stm32f1xx_hal_pcd_ex.o
 .ARM.attributes
                0x00000248       0x33 Drivers\STM32F1xx_HAL_Driver\Src\stm32f1xx_hal_rcc.o
 .ARM.attributes
                0x0000027b       0x33 Drivers\STM32F1xx_HAL_Driver\Src\stm32f1xx_hal_rcc_ex.o
 .ARM.attributes
                0x000002ae       0x33 Drivers\STM32F1xx_HAL_Driver\Src\stm32f1xx_hal_tim.o
 .ARM.attributes
                0x000002e1       0x33 Drivers\STM32F1xx_HAL_Driver\Src\stm32f1xx_hal_tim_ex.o
 .ARM.attributes
                0x00000314       0x33 Drivers\STM32F1xx_HAL_Driver\Src\stm32f1xx_hal_uart.o
 .ARM.attributes
                0x00000347       0x33 Drivers\STM32F1xx_HAL_Driver\Src\stm32f1xx_ll_usb.o
 .ARM.attributes
                0x0000037a       0x33 Middlewares\ST\STM32_USB_Device_Library\Class\CDC\Src\usbd_cdc.o
 .ARM.attributes
                0x000003ad       0x33 Middlewares\ST\STM32_USB_Device_Library\Core\Src\usbd_core.o
 .ARM.attributes
                0x000003e0       0x33 Middlewares\ST\STM32_USB_Device_Library\Core\Src\usbd_ctlreq.o
 .ARM.attributes
                0x00000413       0x33 Middlewares\ST\STM32_USB_Device_Library\Core\Src\usbd_ioreq.o
 .ARM.attributes
                0x00000446       0x33 USB_DEVICE\App\usb_device.o
 .ARM.attributes
                0x00000479       0x33 USB_DEVICE\App\usbd_cdc_if.o
 .ARM.attributes
                0x000004ac       0x33 USB_DEVICE\App\usbd_desc.o
 .ARM.attributes
                0x000004df       0x33 USB_DEVICE\Target\usbd_conf.o
 .ARM.attributes
                0x00000512       0x21 startup\startup_stm32f103xb.o
 .ARM.attributes
                0x00000533       0x2d c:/program files (x86)/atollic/truestudio for stm32 9.0.1/armtools/bin/../lib/gcc/arm-atollic-eabi/6.3.1/../../../../arm-atollic-eabi/lib/armv7-m\libc_nano.a(lib_a-init.o)
 .ARM.attributes
                0x00000560       0x2d c:/program files (x86)/atollic/truestudio for stm32 9.0.1/armtools/bin/../lib/gcc/arm-atollic-eabi/6.3.1/../../../../arm-atollic-eabi/lib/armv7-m\libc_nano.a(lib_a-memset.o)
 .ARM.attributes
                0x0000058d       0x2d c:/program files (x86)/atollic/truestudio for stm32 9.0.1/armtools/bin/../lib/gcc/arm-atollic-eabi/6.3.1/../../../../arm-atollic-eabi/lib/armv7-m\libc_nano.a(lib_a-sprintf.o)
 .ARM.attributes
                0x000005ba       0x2d c:/program files (x86)/atollic/truestudio for stm32 9.0.1/armtools/bin/../lib/gcc/arm-atollic-eabi/6.3.1/../../../../arm-atollic-eabi/lib/armv7-m\libc_nano.a(lib_a-impure.o)
 .ARM.attributes
                0x000005e7       0x2d c:/program files (x86)/atollic/truestudio for stm32 9.0.1/armtools/bin/../lib/gcc/arm-atollic-eabi/6.3.1/../../../../arm-atollic-eabi/lib/armv7-m\libc_nano.a(lib_a-nano-svfprintf.o)
 .ARM.attributes
                0x00000614       0x2d c:/program files (x86)/atollic/truestudio for stm32 9.0.1/armtools/bin/../lib/gcc/arm-atollic-eabi/6.3.1/../../../../arm-atollic-eabi/lib/armv7-m\libc_nano.a(lib_a-nano-vfprintf_i.o)
 .ARM.attributes
                0x00000641       0x2d c:/program files (x86)/atollic/truestudio for stm32 9.0.1/armtools/bin/../lib/gcc/arm-atollic-eabi/6.3.1/../../../../arm-atollic-eabi/lib/armv7-m\libc_nano.a(lib_a-memchr-stub.o)
 .ARM.attributes
                0x0000066e       0x2d c:/program files (x86)/atollic/truestudio for stm32 9.0.1/armtools/bin/../lib/gcc/arm-atollic-eabi/6.3.1/../../../../arm-atollic-eabi/lib/armv7-m\libc_nano.a(lib_a-memcpy-stub.o)
 .ARM.attributes
                0x0000069b       0x2d c:/program files (x86)/atollic/truestudio for stm32 9.0.1/armtools/bin/../lib/gcc/arm-atollic-eabi/6.3.1/../../../../arm-atollic-eabi/lib/armv7-m\libc_nano.a(lib_a-memmove.o)
 .ARM.attributes
                0x000006c8       0x2d c:/program files (x86)/atollic/truestudio for stm32 9.0.1/armtools/bin/../lib/gcc/arm-atollic-eabi/6.3.1/../../../../arm-atollic-eabi/lib/armv7-m\libc_nano.a(lib_a-nano-freer.o)
 .ARM.attributes
                0x000006f5       0x2d c:/program files (x86)/atollic/truestudio for stm32 9.0.1/armtools/bin/../lib/gcc/arm-atollic-eabi/6.3.1/../../../../arm-atollic-eabi/lib/armv7-m\libc_nano.a(lib_a-nano-mallocr.o)
 .ARM.attributes
                0x00000722       0x2d c:/program files (x86)/atollic/truestudio for stm32 9.0.1/armtools/bin/../lib/gcc/arm-atollic-eabi/6.3.1/../../../../arm-atollic-eabi/lib/armv7-m\libc_nano.a(lib_a-nano-reallocr.o)
 .ARM.attributes
                0x0000074f       0x2d c:/program files (x86)/atollic/truestudio for stm32 9.0.1/armtools/bin/../lib/gcc/arm-atollic-eabi/6.3.1/../../../../arm-atollic-eabi/lib/armv7-m\libc_nano.a(lib_a-sbrkr.o)
 .ARM.attributes
                0x0000077c       0x2d c:/program files (x86)/atollic/truestudio for stm32 9.0.1/armtools/bin/../lib/gcc/arm-atollic-eabi/6.3.1/../../../../arm-atollic-eabi/lib/armv7-m\libc_nano.a(lib_a-mlock.o)
 .ARM.attributes
                0x000007a9       0x2d c:/program files (x86)/atollic/truestudio for stm32 9.0.1/armtools/bin/../lib/gcc/arm-atollic-eabi/6.3.1/../../../../arm-atollic-eabi/lib/armv7-m\libc_nano.a(lib_a-nano-msizer.o)
 .ARM.attributes
                0x000007d6       0x2d c:/program files (x86)/atollic/truestudio for stm32 9.0.1/armtools/bin/../lib/gcc/arm-atollic-eabi/6.3.1/../../../../arm-atollic-eabi/lib/armv7-m\libc_nano.a(lib_a-reent.o)
 .ARM.attributes
                0x00000803       0x2d c:/program files (x86)/atollic/truestudio for stm32 9.0.1/armtools/bin/../lib/gcc/arm-atollic-eabi/6.3.1/../../../../arm-atollic-eabi/lib/armv7-m\libnosys.a(sbrk.o)
 .ARM.attributes
                0x00000830       0x1d c:/program files (x86)/atollic/truestudio for stm32 9.0.1/armtools/bin/../lib/gcc/arm-atollic-eabi/6.3.1/armv7-m/crtn.o
OUTPUT(f103-neurosky.elf elf32-littlearm)

.debug_info     0x00000000    0x1d3de
 .debug_info    0x00000000     0x1f8f Core\Src\main.o
 .debug_info    0x00001f8f     0x157e Core\Src\stm32f1xx_hal_msp.o
 .debug_info    0x0000350d     0x1268 Core\Src\stm32f1xx_it.o
 .debug_info    0x00004775      0xc4a Core\Src\system_stm32f1xx.o
 .debug_info    0x000053bf      0xefa Drivers\STM32F1xx_HAL_Driver\Src\stm32f1xx_hal.o
 .debug_info    0x000062b9     0x1349 Drivers\STM32F1xx_HAL_Driver\Src\stm32f1xx_hal_cortex.o
 .debug_info    0x00007602      0xfb2 Drivers\STM32F1xx_HAL_Driver\Src\stm32f1xx_hal_dma.o
 .debug_info    0x000085b4      0xeac Drivers\STM32F1xx_HAL_Driver\Src\stm32f1xx_hal_gpio.o
 .debug_info    0x00009460     0x1541 Drivers\STM32F1xx_HAL_Driver\Src\stm32f1xx_hal_pcd.o
 .debug_info    0x0000a9a1      0xe40 Drivers\STM32F1xx_HAL_Driver\Src\stm32f1xx_hal_pcd_ex.o
 .debug_info    0x0000b7e1     0x1028 Drivers\STM32F1xx_HAL_Driver\Src\stm32f1xx_hal_rcc.o
 .debug_info    0x0000c809      0xc4a Drivers\STM32F1xx_HAL_Driver\Src\stm32f1xx_hal_rcc_ex.o
 .debug_info    0x0000d453     0x2a11 Drivers\STM32F1xx_HAL_Driver\Src\stm32f1xx_hal_tim.o
 .debug_info    0x0000fe64     0x17c1 Drivers\STM32F1xx_HAL_Driver\Src\stm32f1xx_hal_tim_ex.o
 .debug_info    0x00011625     0x19dd Drivers\STM32F1xx_HAL_Driver\Src\stm32f1xx_hal_uart.o
 .debug_info    0x00013002     0x16fe Drivers\STM32F1xx_HAL_Driver\Src\stm32f1xx_ll_usb.o
 .debug_info    0x00014700     0x130e Middlewares\ST\STM32_USB_Device_Library\Class\CDC\Src\usbd_cdc.o
 .debug_info    0x00015a0e     0x11b0 Middlewares\ST\STM32_USB_Device_Library\Core\Src\usbd_core.o
 .debug_info    0x00016bbe     0x1111 Middlewares\ST\STM32_USB_Device_Library\Core\Src\usbd_ctlreq.o
 .debug_info    0x00017ccf      0xf11 Middlewares\ST\STM32_USB_Device_Library\Core\Src\usbd_ioreq.o
 .debug_info    0x00018be0      0xe3a USB_DEVICE\App\usb_device.o
 .debug_info    0x00019a1a     0x1019 USB_DEVICE\App\usbd_cdc_if.o
 .debug_info    0x0001aa33      0xc4f USB_DEVICE\App\usbd_desc.o
 .debug_info    0x0001b682     0x1cde USB_DEVICE\Target\usbd_conf.o
 .debug_info    0x0001d360       0x7e startup\startup_stm32f103xb.o

.debug_abbrev   0x00000000     0x39e5
 .debug_abbrev  0x00000000      0x2e7 Core\Src\main.o
 .debug_abbrev  0x000002e7      0x253 Core\Src\stm32f1xx_hal_msp.o
 .debug_abbrev  0x0000053a      0x1da Core\Src\stm32f1xx_it.o
 .debug_abbrev  0x00000714      0x1eb Core\Src\system_stm32f1xx.o
 .debug_abbrev  0x000008ff      0x2b8 Drivers\STM32F1xx_HAL_Driver\Src\stm32f1xx_hal.o
 .debug_abbrev  0x00000bb7      0x368 Drivers\STM32F1xx_HAL_Driver\Src\stm32f1xx_hal_cortex.o
 .debug_abbrev  0x00000f1f      0x26a Drivers\STM32F1xx_HAL_Driver\Src\stm32f1xx_hal_dma.o
 .debug_abbrev  0x00001189      0x24c Drivers\STM32F1xx_HAL_Driver\Src\stm32f1xx_hal_gpio.o
 .debug_abbrev  0x000013d5      0x2d6 Drivers\STM32F1xx_HAL_Driver\Src\stm32f1xx_hal_pcd.o
 .debug_abbrev  0x000016ab      0x1e6 Drivers\STM32F1xx_HAL_Driver\Src\stm32f1xx_hal_pcd_ex.o
 .debug_abbrev  0x00001891      0x2e6 Drivers\STM32F1xx_HAL_Driver\Src\stm32f1xx_hal_rcc.o
 .debug_abbrev  0x00001b77      0x223 Drivers\STM32F1xx_HAL_Driver\Src\stm32f1xx_hal_rcc_ex.o
 .debug_abbrev  0x00001d9a      0x2ab Drivers\STM32F1xx_HAL_Driver\Src\stm32f1xx_hal_tim.o
 .debug_abbrev  0x00002045      0x288 Drivers\STM32F1xx_HAL_Driver\Src\stm32f1xx_hal_tim_ex.o
 .debug_abbrev  0x000022cd      0x2ae Drivers\STM32F1xx_HAL_Driver\Src\stm32f1xx_hal_uart.o
 .debug_abbrev  0x0000257b      0x241 Drivers\STM32F1xx_HAL_Driver\Src\stm32f1xx_ll_usb.o
 .debug_abbrev  0x000027bc      0x28c Middlewares\ST\STM32_USB_Device_Library\Class\CDC\Src\usbd_cdc.o
 .debug_abbrev  0x00002a48      0x25c Middlewares\ST\STM32_USB_Device_Library\Core\Src\usbd_core.o
 .debug_abbrev  0x00002ca4      0x28c Middlewares\ST\STM32_USB_Device_Library\Core\Src\usbd_ctlreq.o
 .debug_abbrev  0x00002f30      0x1cc Middlewares\ST\STM32_USB_Device_Library\Core\Src\usbd_ioreq.o
 .debug_abbrev  0x000030fc      0x1aa USB_DEVICE\App\usb_device.o
 .debug_abbrev  0x000032a6      0x271 USB_DEVICE\App\usbd_cdc_if.o
 .debug_abbrev  0x00003517      0x20f USB_DEVICE\App\usbd_desc.o
 .debug_abbrev  0x00003726      0x2ad USB_DEVICE\Target\usbd_conf.o
 .debug_abbrev  0x000039d3       0x12 startup\startup_stm32f103xb.o

.debug_aranges  0x00000000     0x1198
 .debug_aranges
                0x00000000       0x78 Core\Src\main.o
 .debug_aranges
                0x00000078       0x48 Core\Src\stm32f1xx_hal_msp.o
 .debug_aranges
                0x000000c0       0x88 Core\Src\stm32f1xx_it.o
 .debug_aranges
                0x00000148       0x28 Core\Src\system_stm32f1xx.o
 .debug_aranges
                0x00000170       0xd0 Drivers\STM32F1xx_HAL_Driver\Src\stm32f1xx_hal.o
 .debug_aranges
                0x00000240      0x100 Drivers\STM32F1xx_HAL_Driver\Src\stm32f1xx_hal_cortex.o
 .debug_aranges
                0x00000340       0x80 Drivers\STM32F1xx_HAL_Driver\Src\stm32f1xx_hal_dma.o
 .debug_aranges
                0x000003c0       0x58 Drivers\STM32F1xx_HAL_Driver\Src\stm32f1xx_hal_gpio.o
 .debug_aranges
                0x00000418      0x120 Drivers\STM32F1xx_HAL_Driver\Src\stm32f1xx_hal_pcd.o
 .debug_aranges
                0x00000538       0x28 Drivers\STM32F1xx_HAL_Driver\Src\stm32f1xx_hal_pcd_ex.o
 .debug_aranges
                0x00000560       0x90 Drivers\STM32F1xx_HAL_Driver\Src\stm32f1xx_hal_rcc.o
 .debug_aranges
                0x000005f0       0x30 Drivers\STM32F1xx_HAL_Driver\Src\stm32f1xx_hal_rcc_ex.o
 .debug_aranges
                0x00000620      0x368 Drivers\STM32F1xx_HAL_Driver\Src\stm32f1xx_hal_tim.o
 .debug_aranges
                0x00000988      0x138 Drivers\STM32F1xx_HAL_Driver\Src\stm32f1xx_hal_tim_ex.o
 .debug_aranges
                0x00000ac0      0x1d0 Drivers\STM32F1xx_HAL_Driver\Src\stm32f1xx_hal_uart.o
 .debug_aranges
                0x00000c90      0x100 Drivers\STM32F1xx_HAL_Driver\Src\stm32f1xx_ll_usb.o
 .debug_aranges
                0x00000d90       0x90 Middlewares\ST\STM32_USB_Device_Library\Class\CDC\Src\usbd_cdc.o
 .debug_aranges
                0x00000e20       0xb8 Middlewares\ST\STM32_USB_Device_Library\Core\Src\usbd_core.o
 .debug_aranges
                0x00000ed8       0x88 Middlewares\ST\STM32_USB_Device_Library\Core\Src\usbd_ctlreq.o
 .debug_aranges
                0x00000f60       0x50 Middlewares\ST\STM32_USB_Device_Library\Core\Src\usbd_ioreq.o
 .debug_aranges
                0x00000fb0       0x20 USB_DEVICE\App\usb_device.o
 .debug_aranges
                0x00000fd0       0x40 USB_DEVICE\App\usbd_cdc_if.o
 .debug_aranges
                0x00001010       0x50 USB_DEVICE\App\usbd_desc.o
 .debug_aranges
                0x00001060      0x110 USB_DEVICE\Target\usbd_conf.o
 .debug_aranges
                0x00001170       0x28 startup\startup_stm32f103xb.o

.debug_ranges   0x00000000     0x1040
 .debug_ranges  0x00000000       0x98 Core\Src\main.o
 .debug_ranges  0x00000098       0x38 Core\Src\stm32f1xx_hal_msp.o
 .debug_ranges  0x000000d0       0x78 Core\Src\stm32f1xx_it.o
 .debug_ranges  0x00000148       0x18 Core\Src\system_stm32f1xx.o
 .debug_ranges  0x00000160       0xc0 Drivers\STM32F1xx_HAL_Driver\Src\stm32f1xx_hal.o
 .debug_ranges  0x00000220       0xf0 Drivers\STM32F1xx_HAL_Driver\Src\stm32f1xx_hal_cortex.o
 .debug_ranges  0x00000310       0x70 Drivers\STM32F1xx_HAL_Driver\Src\stm32f1xx_hal_dma.o
 .debug_ranges  0x00000380       0x48 Drivers\STM32F1xx_HAL_Driver\Src\stm32f1xx_hal_gpio.o
 .debug_ranges  0x000003c8      0x110 Drivers\STM32F1xx_HAL_Driver\Src\stm32f1xx_hal_pcd.o
 .debug_ranges  0x000004d8       0x18 Drivers\STM32F1xx_HAL_Driver\Src\stm32f1xx_hal_pcd_ex.o
 .debug_ranges  0x000004f0       0x80 Drivers\STM32F1xx_HAL_Driver\Src\stm32f1xx_hal_rcc.o
 .debug_ranges  0x00000570       0x20 Drivers\STM32F1xx_HAL_Driver\Src\stm32f1xx_hal_rcc_ex.o
 .debug_ranges  0x00000590      0x358 Drivers\STM32F1xx_HAL_Driver\Src\stm32f1xx_hal_tim.o
 .debug_ranges  0x000008e8      0x128 Drivers\STM32F1xx_HAL_Driver\Src\stm32f1xx_hal_tim_ex.o
 .debug_ranges  0x00000a10      0x1c0 Drivers\STM32F1xx_HAL_Driver\Src\stm32f1xx_hal_uart.o
 .debug_ranges  0x00000bd0       0xf0 Drivers\STM32F1xx_HAL_Driver\Src\stm32f1xx_ll_usb.o
 .debug_ranges  0x00000cc0       0x80 Middlewares\ST\STM32_USB_Device_Library\Class\CDC\Src\usbd_cdc.o
 .debug_ranges  0x00000d40       0xa8 Middlewares\ST\STM32_USB_Device_Library\Core\Src\usbd_core.o
 .debug_ranges  0x00000de8       0x78 Middlewares\ST\STM32_USB_Device_Library\Core\Src\usbd_ctlreq.o
 .debug_ranges  0x00000e60       0x40 Middlewares\ST\STM32_USB_Device_Library\Core\Src\usbd_ioreq.o
 .debug_ranges  0x00000ea0       0x10 USB_DEVICE\App\usb_device.o
 .debug_ranges  0x00000eb0       0x30 USB_DEVICE\App\usbd_cdc_if.o
 .debug_ranges  0x00000ee0       0x40 USB_DEVICE\App\usbd_desc.o
 .debug_ranges  0x00000f20      0x100 USB_DEVICE\Target\usbd_conf.o
 .debug_ranges  0x00001020       0x20 startup\startup_stm32f103xb.o

.debug_line     0x00000000     0x8d7d
 .debug_line    0x00000000      0x701 Core\Src\main.o
 .debug_line    0x00000701      0x3b9 Core\Src\stm32f1xx_hal_msp.o
 .debug_line    0x00000aba      0x3e0 Core\Src\stm32f1xx_it.o
 .debug_line    0x00000e9a      0x2cb Core\Src\system_stm32f1xx.o
 .debug_line    0x00001165      0x458 Drivers\STM32F1xx_HAL_Driver\Src\stm32f1xx_hal.o
 .debug_line    0x000015bd      0x53f Drivers\STM32F1xx_HAL_Driver\Src\stm32f1xx_hal_cortex.o
 .debug_line    0x00001afc      0x704 Drivers\STM32F1xx_HAL_Driver\Src\stm32f1xx_hal_dma.o
 .debug_line    0x00002200      0x4b7 Drivers\STM32F1xx_HAL_Driver\Src\stm32f1xx_hal_gpio.o
 .debug_line    0x000026b7      0x79a Drivers\STM32F1xx_HAL_Driver\Src\stm32f1xx_hal_pcd.o
 .debug_line    0x00002e51      0x2fa Drivers\STM32F1xx_HAL_Driver\Src\stm32f1xx_hal_pcd_ex.o
 .debug_line    0x0000314b      0x5a9 Drivers\STM32F1xx_HAL_Driver\Src\stm32f1xx_hal_rcc.o
 .debug_line    0x000036f4      0x381 Drivers\STM32F1xx_HAL_Driver\Src\stm32f1xx_hal_rcc_ex.o
 .debug_line    0x00003a75     0x125f Drivers\STM32F1xx_HAL_Driver\Src\stm32f1xx_hal_tim.o
 .debug_line    0x00004cd4      0x86c Drivers\STM32F1xx_HAL_Driver\Src\stm32f1xx_hal_tim_ex.o
 .debug_line    0x00005540      0xba7 Drivers\STM32F1xx_HAL_Driver\Src\stm32f1xx_hal_uart.o
 .debug_line    0x000060e7      0x73d Drivers\STM32F1xx_HAL_Driver\Src\stm32f1xx_ll_usb.o
 .debug_line    0x00006824      0x514 Middlewares\ST\STM32_USB_Device_Library\Class\CDC\Src\usbd_cdc.o
 .debug_line    0x00006d38      0x519 Middlewares\ST\STM32_USB_Device_Library\Core\Src\usbd_core.o
 .debug_line    0x00007251      0x573 Middlewares\ST\STM32_USB_Device_Library\Core\Src\usbd_ctlreq.o
 .debug_line    0x000077c4      0x3b4 Middlewares\ST\STM32_USB_Device_Library\Core\Src\usbd_ioreq.o
 .debug_line    0x00007b78      0x382 USB_DEVICE\App\usb_device.o
 .debug_line    0x00007efa      0x3c9 USB_DEVICE\App\usbd_cdc_if.o
 .debug_line    0x000082c3      0x3a1 USB_DEVICE\App\usbd_desc.o
 .debug_line    0x00008664      0x69c USB_DEVICE\Target\usbd_conf.o
 .debug_line    0x00008d00       0x7d startup\startup_stm32f103xb.o

.debug_str      0x00000000     0x4d59
 .debug_str     0x00000000     0x166d Core\Src\main.o
                               0x17c7 (size before relaxing)
 .debug_str     0x0000166d       0xca Core\Src\stm32f1xx_hal_msp.o
                               0x1055 (size before relaxing)
 .debug_str     0x00001737      0x395 Core\Src\stm32f1xx_it.o
                                0xdf4 (size before relaxing)
 .debug_str     0x00001acc       0xa6 Core\Src\system_stm32f1xx.o
                                0x777 (size before relaxing)
 .debug_str     0x00001b72      0x250 Drivers\STM32F1xx_HAL_Driver\Src\stm32f1xx_hal.o
                                0xc2f (size before relaxing)
 .debug_str     0x00001dc2      0x2a0 Drivers\STM32F1xx_HAL_Driver\Src\stm32f1xx_hal_cortex.o
                                0xd9c (size before relaxing)
 .debug_str     0x00002062      0x23f Drivers\STM32F1xx_HAL_Driver\Src\stm32f1xx_hal_dma.o
                                0xaf4 (size before relaxing)
 .debug_str     0x000022a1      0x145 Drivers\STM32F1xx_HAL_Driver\Src\stm32f1xx_hal_gpio.o
                                0x909 (size before relaxing)
 .debug_str     0x000023e6      0x3a7 Drivers\STM32F1xx_HAL_Driver\Src\stm32f1xx_hal_pcd.o
                                0xd62 (size before relaxing)
 .debug_str     0x0000278d       0x74 Drivers\STM32F1xx_HAL_Driver\Src\stm32f1xx_hal_pcd_ex.o
                                0xa2e (size before relaxing)
 .debug_str     0x00002801      0x20f Drivers\STM32F1xx_HAL_Driver\Src\stm32f1xx_hal_rcc.o
                                0xab9 (size before relaxing)
 .debug_str     0x00002a10       0xb9 Drivers\STM32F1xx_HAL_Driver\Src\stm32f1xx_hal_rcc_ex.o
                                0x8a3 (size before relaxing)
 .debug_str     0x00002ac9      0xc73 Drivers\STM32F1xx_HAL_Driver\Src\stm32f1xx_hal_tim.o
                               0x17e3 (size before relaxing)
 .debug_str     0x0000373c      0x4dd Drivers\STM32F1xx_HAL_Driver\Src\stm32f1xx_hal_tim_ex.o
                               0x1080 (size before relaxing)
 .debug_str     0x00003c19      0x4f9 Drivers\STM32F1xx_HAL_Driver\Src\stm32f1xx_hal_uart.o
                                0xfeb (size before relaxing)
 .debug_str     0x00004112      0x2d3 Drivers\STM32F1xx_HAL_Driver\Src\stm32f1xx_ll_usb.o
                                0xc01 (size before relaxing)
 .debug_str     0x000043e5      0x274 Middlewares\ST\STM32_USB_Device_Library\Class\CDC\Src\usbd_cdc.o
                                0xd09 (size before relaxing)
 .debug_str     0x00004659      0x1c1 Middlewares\ST\STM32_USB_Device_Library\Core\Src\usbd_core.o
                                0xc1a (size before relaxing)
 .debug_str     0x0000481a      0x134 Middlewares\ST\STM32_USB_Device_Library\Core\Src\usbd_ctlreq.o
                                0xba0 (size before relaxing)
 .debug_str     0x0000494e       0xc9 Middlewares\ST\STM32_USB_Device_Library\Core\Src\usbd_ioreq.o
                                0xb28 (size before relaxing)
 .debug_str     0x00004a17       0x3f USB_DEVICE\App\usb_device.o
                                0xac7 (size before relaxing)
 .debug_str     0x00004a56       0x86 USB_DEVICE\App\usbd_cdc_if.o
                                0xbab (size before relaxing)
 .debug_str     0x00004adc      0x119 USB_DEVICE\App\usbd_desc.o
                                0x8d6 (size before relaxing)
 .debug_str     0x00004bf5      0x164 USB_DEVICE\Target\usbd_conf.o
                               0x13e0 (size before relaxing)

.comment        0x00000000       0x7c
 .comment       0x00000000       0x7c Core\Src\main.o
                                 0x7d (size before relaxing)
 .comment       0x0000007c       0x7d Core\Src\stm32f1xx_hal_msp.o
 .comment       0x0000007c       0x7d Core\Src\stm32f1xx_it.o
 .comment       0x0000007c       0x7d Core\Src\system_stm32f1xx.o
 .comment       0x0000007c       0x7d Drivers\STM32F1xx_HAL_Driver\Src\stm32f1xx_hal.o
 .comment       0x0000007c       0x7d Drivers\STM32F1xx_HAL_Driver\Src\stm32f1xx_hal_cortex.o
 .comment       0x0000007c       0x7d Drivers\STM32F1xx_HAL_Driver\Src\stm32f1xx_hal_dma.o
 .comment       0x0000007c       0x7d Drivers\STM32F1xx_HAL_Driver\Src\stm32f1xx_hal_gpio.o
 .comment       0x0000007c       0x7d Drivers\STM32F1xx_HAL_Driver\Src\stm32f1xx_hal_pcd.o
 .comment       0x0000007c       0x7d Drivers\STM32F1xx_HAL_Driver\Src\stm32f1xx_hal_pcd_ex.o
 .comment       0x0000007c       0x7d Drivers\STM32F1xx_HAL_Driver\Src\stm32f1xx_hal_rcc.o
 .comment       0x0000007c       0x7d Drivers\STM32F1xx_HAL_Driver\Src\stm32f1xx_hal_rcc_ex.o
 .comment       0x0000007c       0x7d Drivers\STM32F1xx_HAL_Driver\Src\stm32f1xx_hal_tim.o
 .comment       0x0000007c       0x7d Drivers\STM32F1xx_HAL_Driver\Src\stm32f1xx_hal_tim_ex.o
 .comment       0x0000007c       0x7d Drivers\STM32F1xx_HAL_Driver\Src\stm32f1xx_hal_uart.o
 .comment       0x0000007c       0x7d Drivers\STM32F1xx_HAL_Driver\Src\stm32f1xx_ll_usb.o
 .comment       0x0000007c       0x7d Middlewares\ST\STM32_USB_Device_Library\Class\CDC\Src\usbd_cdc.o
 .comment       0x0000007c       0x7d Middlewares\ST\STM32_USB_Device_Library\Core\Src\usbd_core.o
 .comment       0x0000007c       0x7d Middlewares\ST\STM32_USB_Device_Library\Core\Src\usbd_ctlreq.o
 .comment       0x0000007c       0x7d Middlewares\ST\STM32_USB_Device_Library\Core\Src\usbd_ioreq.o
 .comment       0x0000007c       0x7d USB_DEVICE\App\usb_device.o
 .comment       0x0000007c       0x7d USB_DEVICE\App\usbd_cdc_if.o
 .comment       0x0000007c       0x7d USB_DEVICE\App\usbd_desc.o
 .comment       0x0000007c       0x7d USB_DEVICE\Target\usbd_conf.o

.debug_frame    0x00000000     0x4ba0
 .debug_frame   0x00000000      0x1bc Core\Src\main.o
 .debug_frame   0x000001bc       0xf4 Core\Src\stm32f1xx_hal_msp.o
 .debug_frame   0x000002b0      0x198 Core\Src\stm32f1xx_it.o
 .debug_frame   0x00000448       0x58 Core\Src\system_stm32f1xx.o
 .debug_frame   0x000004a0      0x2fc Drivers\STM32F1xx_HAL_Driver\Src\stm32f1xx_hal.o
 .debug_frame   0x0000079c      0x428 Drivers\STM32F1xx_HAL_Driver\Src\stm32f1xx_hal_cortex.o
 .debug_frame   0x00000bc4      0x208 Drivers\STM32F1xx_HAL_Driver\Src\stm32f1xx_hal_dma.o
 .debug_frame   0x00000dcc      0x14c Drivers\STM32F1xx_HAL_Driver\Src\stm32f1xx_hal_gpio.o
 .debug_frame   0x00000f18      0x4fc Drivers\STM32F1xx_HAL_Driver\Src\stm32f1xx_hal_pcd.o
 .debug_frame   0x00001414       0x60 Drivers\STM32F1xx_HAL_Driver\Src\stm32f1xx_hal_pcd_ex.o
 .debug_frame   0x00001474      0x21c Drivers\STM32F1xx_HAL_Driver\Src\stm32f1xx_hal_rcc.o
 .debug_frame   0x00001690       0x84 Drivers\STM32F1xx_HAL_Driver\Src\stm32f1xx_hal_rcc_ex.o
 .debug_frame   0x00001714      0xfb4 Drivers\STM32F1xx_HAL_Driver\Src\stm32f1xx_hal_tim.o
 .debug_frame   0x000026c8      0x54c Drivers\STM32F1xx_HAL_Driver\Src\stm32f1xx_hal_tim_ex.o
 .debug_frame   0x00002c14      0x83c Drivers\STM32F1xx_HAL_Driver\Src\stm32f1xx_hal_uart.o
 .debug_frame   0x00003450      0x4b4 Drivers\STM32F1xx_HAL_Driver\Src\stm32f1xx_ll_usb.o
 .debug_frame   0x00003904      0x24c Middlewares\ST\STM32_USB_Device_Library\Class\CDC\Src\usbd_cdc.o
 .debug_frame   0x00003b50      0x300 Middlewares\ST\STM32_USB_Device_Library\Core\Src\usbd_core.o
 .debug_frame   0x00003e50      0x210 Middlewares\ST\STM32_USB_Device_Library\Core\Src\usbd_ctlreq.o
 .debug_frame   0x00004060      0x10c Middlewares\ST\STM32_USB_Device_Library\Core\Src\usbd_ioreq.o
 .debug_frame   0x0000416c       0x2c USB_DEVICE\App\usb_device.o
 .debug_frame   0x00004198       0xbc USB_DEVICE\App\usbd_cdc_if.o
 .debug_frame   0x00004254      0x114 USB_DEVICE\App\usbd_desc.o
 .debug_frame   0x00004368      0x47c USB_DEVICE\Target\usbd_conf.o
 .debug_frame   0x000047e4       0x2c c:/program files (x86)/atollic/truestudio for stm32 9.0.1/armtools/bin/../lib/gcc/arm-atollic-eabi/6.3.1/../../../../arm-atollic-eabi/lib/armv7-m\libc_nano.a(lib_a-init.o)
 .debug_frame   0x00004810       0x20 c:/program files (x86)/atollic/truestudio for stm32 9.0.1/armtools/bin/../lib/gcc/arm-atollic-eabi/6.3.1/../../../../arm-atollic-eabi/lib/armv7-m\libc_nano.a(lib_a-memset.o)
 .debug_frame   0x00004830       0x70 c:/program files (x86)/atollic/truestudio for stm32 9.0.1/armtools/bin/../lib/gcc/arm-atollic-eabi/6.3.1/../../../../arm-atollic-eabi/lib/armv7-m\libc_nano.a(lib_a-sprintf.o)
 .debug_frame   0x000048a0       0x90 c:/program files (x86)/atollic/truestudio for stm32 9.0.1/armtools/bin/../lib/gcc/arm-atollic-eabi/6.3.1/../../../../arm-atollic-eabi/lib/armv7-m\libc_nano.a(lib_a-nano-svfprintf.o)
 .debug_frame   0x00004930       0x60 c:/program files (x86)/atollic/truestudio for stm32 9.0.1/armtools/bin/../lib/gcc/arm-atollic-eabi/6.3.1/../../../../arm-atollic-eabi/lib/armv7-m\libc_nano.a(lib_a-nano-vfprintf_i.o)
 .debug_frame   0x00004990       0x28 c:/program files (x86)/atollic/truestudio for stm32 9.0.1/armtools/bin/../lib/gcc/arm-atollic-eabi/6.3.1/../../../../arm-atollic-eabi/lib/armv7-m\libc_nano.a(lib_a-memchr-stub.o)
 .debug_frame   0x000049b8       0x28 c:/program files (x86)/atollic/truestudio for stm32 9.0.1/armtools/bin/../lib/gcc/arm-atollic-eabi/6.3.1/../../../../arm-atollic-eabi/lib/armv7-m\libc_nano.a(lib_a-memcpy-stub.o)
 .debug_frame   0x000049e0       0x28 c:/program files (x86)/atollic/truestudio for stm32 9.0.1/armtools/bin/../lib/gcc/arm-atollic-eabi/6.3.1/../../../../arm-atollic-eabi/lib/armv7-m\libc_nano.a(lib_a-memmove.o)
 .debug_frame   0x00004a08       0x38 c:/program files (x86)/atollic/truestudio for stm32 9.0.1/armtools/bin/../lib/gcc/arm-atollic-eabi/6.3.1/../../../../arm-atollic-eabi/lib/armv7-m\libc_nano.a(lib_a-nano-freer.o)
 .debug_frame   0x00004a40       0x2c c:/program files (x86)/atollic/truestudio for stm32 9.0.1/armtools/bin/../lib/gcc/arm-atollic-eabi/6.3.1/../../../../arm-atollic-eabi/lib/armv7-m\libc_nano.a(lib_a-nano-mallocr.o)
 .debug_frame   0x00004a6c       0x3c c:/program files (x86)/atollic/truestudio for stm32 9.0.1/armtools/bin/../lib/gcc/arm-atollic-eabi/6.3.1/../../../../arm-atollic-eabi/lib/armv7-m\libc_nano.a(lib_a-nano-reallocr.o)
 .debug_frame   0x00004aa8       0x2c c:/program files (x86)/atollic/truestudio for stm32 9.0.1/armtools/bin/../lib/gcc/arm-atollic-eabi/6.3.1/../../../../arm-atollic-eabi/lib/armv7-m\libc_nano.a(lib_a-sbrkr.o)
 .debug_frame   0x00004ad4       0x30 c:/program files (x86)/atollic/truestudio for stm32 9.0.1/armtools/bin/../lib/gcc/arm-atollic-eabi/6.3.1/../../../../arm-atollic-eabi/lib/armv7-m\libc_nano.a(lib_a-mlock.o)
 .debug_frame   0x00004b04       0x20 c:/program files (x86)/atollic/truestudio for stm32 9.0.1/armtools/bin/../lib/gcc/arm-atollic-eabi/6.3.1/../../../../arm-atollic-eabi/lib/armv7-m\libc_nano.a(lib_a-nano-msizer.o)
 .debug_frame   0x00004b24       0x5c c:/program files (x86)/atollic/truestudio for stm32 9.0.1/armtools/bin/../lib/gcc/arm-atollic-eabi/6.3.1/../../../../arm-atollic-eabi/lib/armv7-m\libc_nano.a(lib_a-reent.o)
 .debug_frame   0x00004b80       0x20 c:/program files (x86)/atollic/truestudio for stm32 9.0.1/armtools/bin/../lib/gcc/arm-atollic-eabi/6.3.1/../../../../arm-atollic-eabi/lib/armv7-m\libnosys.a(sbrk.o)
